Component: ARM Compiler 5.06 update 6 (build 750) Tool: armlink [4d35ed]

==============================================================================

Section Cross References

    startup_stm32f407xx.o(RESET) refers to startup_stm32f407xx.o(STACK) for __initial_sp
    startup_stm32f407xx.o(RESET) refers to startup_stm32f407xx.o(.text) for Reset_Handler
    startup_stm32f407xx.o(RESET) refers to stm32f4xx_it.o(i.NMI_Handler) for NMI_Handler
    startup_stm32f407xx.o(RESET) refers to stm32f4xx_it.o(i.HardFault_Handler) for HardFault_Handler
    startup_stm32f407xx.o(RESET) refers to stm32f4xx_it.o(i.MemManage_Handler) for MemManage_Handler
    startup_stm32f407xx.o(RESET) refers to stm32f4xx_it.o(i.BusFault_Handler) for BusFault_Handler
    startup_stm32f407xx.o(RESET) refers to stm32f4xx_it.o(i.UsageFault_Handler) for UsageFault_Handler
    startup_stm32f407xx.o(RESET) refers to stm32f4xx_it.o(i.SVC_Handler) for SVC_Handler
    startup_stm32f407xx.o(RESET) refers to stm32f4xx_it.o(i.DebugMon_Handler) for DebugMon_Handler
    startup_stm32f407xx.o(RESET) refers to stm32f4xx_it.o(i.PendSV_Handler) for PendSV_Handler
    startup_stm32f407xx.o(RESET) refers to stm32f4xx_it.o(i.SysTick_Handler) for SysTick_Handler
    startup_stm32f407xx.o(RESET) refers to stm32f4xx_it.o(i.DMA1_Stream5_IRQHandler) for DMA1_Stream5_IRQHandler
    startup_stm32f407xx.o(RESET) refers to stm32f4xx_it.o(i.DMA1_Stream6_IRQHandler) for DMA1_Stream6_IRQHandler
    startup_stm32f407xx.o(RESET) refers to stm32f4xx_it.o(i.USART1_IRQHandler) for USART1_IRQHandler
    startup_stm32f407xx.o(RESET) refers to stm32f4xx_it.o(i.USART2_IRQHandler) for USART2_IRQHandler
    startup_stm32f407xx.o(RESET) refers to stm32f4xx_it.o(i.TIM6_DAC_IRQHandler) for TIM6_DAC_IRQHandler
    startup_stm32f407xx.o(RESET) refers to stm32f4xx_it.o(i.TIM7_IRQHandler) for TIM7_IRQHandler
    startup_stm32f407xx.o(.text) refers to system_stm32f4xx.o(i.SystemInit) for SystemInit
    startup_stm32f407xx.o(.text) refers to entry.o(.ARM.Collect$$$$00000000) for __main
    main.o(i.HAL_TIM_PeriodElapsedCallback) refers to stm32f4xx_hal.o(i.HAL_IncTick) for HAL_IncTick
    main.o(i.PrintToUART) refers to strlen.o(.text) for strlen
    main.o(i.PrintToUART) refers to stm32f4xx_hal_uart.o(i.HAL_UART_Transmit) for HAL_UART_Transmit
    main.o(i.PrintToUART) refers to usart.o(.bss) for huart1
    main.o(i.SystemClock_Config) refers to memseta.o(.text) for __aeabi_memclr4
    main.o(i.SystemClock_Config) refers to stm32f4xx_hal_rcc.o(i.HAL_RCC_OscConfig) for HAL_RCC_OscConfig
    main.o(i.SystemClock_Config) refers to stm32f4xx_hal_rcc.o(i.HAL_RCC_ClockConfig) for HAL_RCC_ClockConfig
    main.o(i.main) refers to stm32f4xx_hal.o(i.HAL_Init) for HAL_Init
    main.o(i.main) refers to main.o(i.SystemClock_Config) for SystemClock_Config
    main.o(i.main) refers to gpio.o(i.MX_GPIO_Init) for MX_GPIO_Init
    main.o(i.main) refers to dma.o(i.MX_DMA_Init) for MX_DMA_Init
    main.o(i.main) refers to usart.o(i.MX_USART1_UART_Init) for MX_USART1_UART_Init
    main.o(i.main) refers to usart.o(i.MX_USART2_UART_Init) for MX_USART2_UART_Init
    main.o(i.main) refers to tim.o(i.MX_TIM3_Init) for MX_TIM3_Init
    main.o(i.main) refers to tim.o(i.MX_TIM7_Init) for MX_TIM7_Init
    main.o(i.main) refers to tim.o(i.MX_TIM1_Init) for MX_TIM1_Init
    main.o(i.main) refers to tim.o(i.MX_TIM4_Init) for MX_TIM4_Init
    main.o(i.main) refers to tim.o(i.MX_TIM5_Init) for MX_TIM5_Init
    main.o(i.main) refers to tim.o(i.MX_TIM8_Init) for MX_TIM8_Init
    main.o(i.main) refers to tim.o(i.MX_TIM9_Init) for MX_TIM9_Init
    main.o(i.main) refers to tim.o(i.MX_TIM12_Init) for MX_TIM12_Init
    main.o(i.main) refers to i2c.o(i.MX_I2C1_Init) for MX_I2C1_Init
    main.o(i.main) refers to i2c.o(i.MX_I2C2_Init) for MX_I2C2_Init
    main.o(i.main) refers to spi.o(i.MX_SPI1_Init) for MX_SPI1_Init
    main.o(i.main) refers to mcu_bsp.o(i.MCU_InternalPeripheral_Init) for MCU_InternalPeripheral_Init
    main.o(i.main) refers to pca9685.o(i.PCA9685_Init) for PCA9685_Init
    main.o(i.main) refers to mcu_bsp.o(i.LED_Init) for LED_Init
    main.o(i.main) refers to app_piano.o(i.PianoPlayInit) for PianoPlayInit
    main.o(i.main) refers to stm32f4xx_hal_uart.o(i.HAL_UART_Receive_IT) for HAL_UART_Receive_IT
    main.o(i.main) refers to flash.o(i.ParseReceivedData) for ParseReceivedData
    main.o(i.main) refers to strncpy.o(.text) for strncpy
    main.o(i.main) refers to usart.o(.data) for flag_data
    main.o(i.main) refers to app_piano.o(.bss) for midi_buf
    main.o(i.main) refers to usart.o(.bss) for huart1
    main.o(i.main) refers to flash.o(.bss) for midiHeader
    main.o(i.main) refers to flash.o(.data) for flash_write_address
    gpio.o(i.MX_GPIO_Init) refers to memseta.o(.text) for __aeabi_memclr4
    gpio.o(i.MX_GPIO_Init) refers to stm32f4xx_hal_gpio.o(i.HAL_GPIO_WritePin) for HAL_GPIO_WritePin
    gpio.o(i.MX_GPIO_Init) refers to stm32f4xx_hal_gpio.o(i.HAL_GPIO_Init) for HAL_GPIO_Init
[...]
    ../clib/microlib/init/entry.s            0x00000000   Number         0  entry2.o ABSOLUTE
    ../clib/microlib/init/entry.s            0x00000000   Number         0  entry9a.o ABSOLUTE
    ../clib/microlib/init/entry.s            0x00000000   Number         0  entry.o ABSOLUTE
    ../clib/microlib/init/entry.s            0x00000000   Number         0  entry9b.o ABSOLUTE
    ../clib/microlib/longlong.c              0x00000000   Number         0  llshl.o ABSOLUTE
    ../clib/microlib/longlong.c              0x00000000   Number         0  llushr.o ABSOLUTE
    ../clib/microlib/longlong.c              0x00000000   Number         0  llsshr.o ABSOLUTE
    ../clib/microlib/printf/printf.c         0x00000000   Number         0  printf8.o ABSOLUTE
    ../clib/microlib/printf/printf.c         0x00000000   Number         0  printf4.o ABSOLUTE
    ../clib/microlib/printf/printf.c         0x00000000   Number         0  printf3.o ABSOLUTE
    ../clib/microlib/printf/printf.c         0x00000000   Number         0  printf1.o ABSOLUTE
    ../clib/microlib/printf/printf.c         0x00000000   Number         0  printf0.o ABSOLUTE
    ../clib/microlib/printf/printf.c         0x00000000   Number         0  printfb.o ABSOLUTE
    ../clib/microlib/printf/printf.c         0x00000000   Number         0  printf5.o ABSOLUTE
    ../clib/microlib/printf/printf.c         0x00000000   Number         0  printf6.o ABSOLUTE
    ../clib/microlib/printf/printf.c         0x00000000   Number         0  printf2.o ABSOLUTE
    ../clib/microlib/printf/printf.c         0x00000000   Number         0  printf7.o ABSOLUTE
    ../clib/microlib/printf/printf.c         0x00000000   Number         0  printfa.o ABSOLUTE
    ../clib/microlib/printf/stubs.s          0x00000000   Number         0  stubs.o ABSOLUTE
    ../clib/microlib/stdio/streams.c         0x00000000   Number         0  stdout.o ABSOLUTE
    ../clib/microlib/string/memset.c         0x00000000   Number         0  memseta.o ABSOLUTE
    ../clib/microlib/string/strlen.c         0x00000000   Number         0  strlen.o ABSOLUTE
    ../clib/microlib/string/strncpy.c        0x00000000   Number         0  strncpy.o ABSOLUTE
    ../clib/microlib/stubs.s                 0x00000000   Number         0  iusefp.o ABSOLUTE
    ../fplib/microlib/d2f.c                  0x00000000   Number         0  d2f.o ABSOLUTE
    ../fplib/microlib/f2d.c                  0x00000000   Number         0  f2d.o ABSOLUTE
    ../fplib/microlib/fpadd.c                0x00000000   Number         0  dadd.o ABSOLUTE
    ../fplib/microlib/fpdiv.c                0x00000000   Number         0  ddiv.o ABSOLUTE
    ../fplib/microlib/fpepilogue.c           0x00000000   Number         0  fepilogue.o ABSOLUTE
    ../fplib/microlib/fpepilogue.c           0x00000000   Number         0  depilogue.o ABSOLUTE
    ../fplib/microlib/fpfix.c                0x00000000   Number         0  dfixui.o ABSOLUTE
    ../fplib/microlib/fpfix.c                0x00000000   Number         0  dfixi.o ABSOLUTE
    ../fplib/microlib/fpfix.c                0x00000000   Number         0  dfixul.o ABSOLUTE
    ../fplib/microlib/fpflt.c                0x00000000   Number         0  dfltui.o ABSOLUTE
    ../fplib/microlib/fpflt.c                0x00000000   Number         0  dflti.o ABSOLUTE
    ../fplib/microlib/fpmul.c                0x00000000   Number         0  dmul.o ABSOLUTE
    ../mathlib/floor.c                       0x00000000   Number         0  floor.o ABSOLUTE
    ..\BSP\Flash\Flash.c                     0x00000000   Number         0  flash.o ABSOLUTE
    ..\BSP\MCU_BSP\MCU_BSP.c                 0x00000000   Number         0  mcu_bsp.o ABSOLUTE
    ..\BSP\OLED\oled.c                       0x00000000   Number         0  oled.o ABSOLUTE
    ..\BSP\PCA9685\PCA9685.c                 0x00000000   Number         0  pca9685.o ABSOLUTE
    ..\Control\StepperMotor\stepper_motor.c  0x00000000   Number         0  stepper_motor.o ABSOLUTE
    ..\Control\TASK\TASK.c                   0x00000000   Number         0  task.o ABSOLUTE
    ..\Core\Src\dma.c                        0x00000000   Number         0  dma.o ABSOLUTE
    ..\Core\Src\gpio.c                       0x00000000   Number         0  gpio.o ABSOLUTE
    ..\Core\Src\i2c.c                        0x00000000   Number         0  i2c.o ABSOLUTE
    ..\Core\Src\main.c                       0x00000000   Number         0  main.o ABSOLUTE
    ..\Core\Src\spi.c                        0x00000000   Number         0  spi.o ABSOLUTE
    ..\Core\Src\stm32f4xx_hal_msp.c          0x00000000   Number         0  stm32f4xx_hal_msp.o ABSOLUTE
    ..\Core\Src\stm32f4xx_hal_timebase_tim.c 0x00000000   Number         0  stm32f4xx_hal_timebase_tim.o ABSOLUTE
    ..\Core\Src\stm32f4xx_it.c               0x00000000   Number         0  stm32f4xx_it.o ABSOLUTE
    ..\Core\Src\system_stm32f4xx.c           0x00000000   Number         0  system_stm32f4xx.o ABSOLUTE
    ..\Core\Src\tim.c                        0x00000000   Number         0  tim.o ABSOLUTE
    ..\Core\Src\usart.c                      0x00000000   Number         0  usart.o ABSOLUTE
    ..\Drivers\STM32F4xx_HAL_Driver\Src\stm32f4xx_hal.c 0x00000000   Number         0  stm32f4xx_hal.o ABSOLUTE
    ..\Drivers\STM32F4xx_HAL_Driver\Src\stm32f4xx_hal_cortex.c 0x00000000   Number         0  stm32f4xx_hal_cortex.o ABSOLUTE
    ..\Drivers\STM32F4xx_HAL_Driver\Src\stm32f4xx_hal_dma.c 0x00000000   Number         0  stm32f4xx_hal_dma.o ABSOLUTE
    ..\Drivers\STM32F4xx_HAL_Driver\Src\stm32f4xx_hal_dma_ex.c 0x00000000   Number         0  stm32f4xx_hal_dma_ex.o ABSOLUTE
    ..\Drivers\STM32F4xx_HAL_Driver\Src\stm32f4xx_hal_exti.c 0x00000000   Number         0  stm32f4xx_hal_exti.o ABSOLUTE
    ..\Drivers\STM32F4xx_HAL_Driver\Src\stm32f4xx_hal_flash.c 0x00000000   Number         0  stm32f4xx_hal_flash.o ABSOLUTE
    ..\Drivers\STM32F4xx_HAL_Driver\Src\stm32f4xx_hal_flash_ex.c 0x00000000   Number         0  stm32f4xx_hal_flash_ex.o ABSOLUTE
    ..\Drivers\STM32F4xx_HAL_Driver\Src\stm32f4xx_hal_flash_ramfunc.c 0x00000000   Number         0  stm32f4xx_hal_flash_ramfunc.o ABSOLUTE
    ..\Drivers\STM32F4xx_HAL_Driver\Src\stm32f4xx_hal_gpio.c 0x00000000   Number         0  stm32f4xx_hal_gpio.o ABSOLUTE
    ..\Drivers\STM32F4xx_HAL_Driver\Src\stm32f4xx_hal_i2c.c 0x00000000   Number         0  stm32f4xx_hal_i2c.o ABSOLUTE
    ..\Drivers\STM32F4xx_HAL_Driver\Src\stm32f4xx_hal_i2c_ex.c 0x00000000   Number         0  stm32f4xx_hal_i2c_ex.o ABSOLUTE
    ..\Drivers\STM32F4xx_HAL_Driver\Src\stm32f4xx_hal_pwr.c 0x00000000   Number         0  stm32f4xx_hal_pwr.o ABSOLUTE
    ..\Drivers\STM32F4xx_HAL_Driver\Src\stm32f4xx_hal_pwr_ex.c 0x00000000   Number         0  stm32f4xx_hal_pwr_ex.o ABSOLUTE
    ..\Drivers\STM32F4xx_HAL_Driver\Src\stm32f4xx_hal_rcc.c 0x00000000   Number         0  stm32f4xx_hal_rcc.o ABSOLUTE
    ..\Drivers\STM32F4xx_HAL_Driver\Src\stm32f4xx_hal_rcc_ex.c 0x00000000   Number         0  stm32f4xx_hal_rcc_ex.o ABSOLUTE
    ..\Drivers\STM32F4xx_HAL_Driver\Src\stm32f4xx_hal_spi.c 0x00000000   Number         0  stm32f4xx_hal_spi.o ABSOLUTE
    ..\Drivers\STM32F4xx_HAL_Driver\Src\stm32f4xx_hal_tim.c 0x00000000   Number         0  stm32f4xx_hal_tim.o ABSOLUTE
    ..\Drivers\STM32F4xx_HAL_Driver\Src\stm32f4xx_hal_tim_ex.c 0x00000000   Number         0  stm32f4xx_hal_tim_ex.o ABSOLUTE
    ..\Drivers\STM32F4xx_HAL_Driver\Src\stm32f4xx_hal_uart.c 0x00000000   Number         0  stm32f4xx_hal_uart.o ABSOLUTE
    ..\\BSP\\Flash\\Flash.c                  0x00000000   Number         0  flash.o ABSOLUTE
    ..\\BSP\\MCU_BSP\\MCU_BSP.c              0x00000000   Number         0  mcu_bsp.o ABSOLUTE
    ..\\BSP\\OLED\\oled.c                    0x00000000   Number         0  oled.o ABSOLUTE
    ..\\BSP\\PCA9685\\PCA9685.c              0x00000000   Number         0  pca9685.o ABSOLUTE
    ..\\Control\\StepperMotor\\stepper_motor.c 0x00000000   Number         0  stepper_motor.o ABSOLUTE
    ..\\Control\\TASK\\TASK.c                0x00000000   Number         0  task.o ABSOLUTE
    ..\\Core\\Src\\spi.c                     0x00000000   Number         0  spi.o ABSOLUTE
    ..\\Drivers\\STM32F4xx_HAL_Driver\\Src\\stm32f4xx_hal_spi.c 0x00000000   Number         0  stm32f4xx_hal_spi.o ABSOLUTE
    ..\\app\\app_piano\\app_piano.c          0x00000000   Number         0  app_piano.o ABSOLUTE
    ..\app\app_piano\app_piano.c             0x00000000   Number         0  app_piano.o ABSOLUTE
    cdrcmple.s                               0x00000000   Number         0  cdrcmple.o ABSOLUTE
    dc.s                                     0x00000000   Number         0  dc.o ABSOLUTE
    handlers.s                               0x00000000   Number         0  handlers.o ABSOLUTE
    init.s                                   0x00000000   Number         0  init.o ABSOLUTE
    startup_stm32f407xx.s                    0x00000000   Number         0  startup_stm32f407xx.o ABSOLUTE
    RESET                                    0x08000000   Section      392  startup_stm32f407xx.o(RESET)
    .ARM.Collect$$$$00000000                 0x08000188   Section        0  entry.o(.ARM.Collect$$$$00000000)
    .ARM.Collect$$$$00000001                 0x08000188   Section        4  entry2.o(.ARM.Collect$$$$00000001)
    .ARM.Collect$$$$00000004                 0x0800018c   Section        4  entry5.o(.ARM.Collect$$$$00000004)
    .ARM.Collect$$$$00000008                 0x08000190   Section        0  entry7b.o(.ARM.Collect$$$$00000008)
    .ARM.Collect$$$$0000000A                 0x08000190   Section        0  entry8b.o(.ARM.Collect$$$$0000000A)
    .ARM.Collect$$$$0000000B                 0x08000190   Section        8  entry9a.o(.ARM.Collect$$$$0000000B)
    .ARM.Collect$$$$0000000D                 0x08000198   Section        0  entry10a.o(.ARM.Collect$$$$0000000D)
    .ARM.Collect$$$$0000000F                 0x08000198   Section        0  entry11a.o(.ARM.Collect$$$$0000000F)
    .ARM.Collect$$$$00002712                 0x08000198   Section        4  entry2.o(.ARM.Collect$$$$00002712)
    __lit__00000000                          0x08000198   Data           4  entry2.o(.ARM.Collect$$$$00002712)
    .text                                    0x0800019c   Section       36  startup_stm32f407xx.o(.text)
    $v0                                      0x0800019c   Number         0  startup_stm32f407xx.o(.text)
    .text                                    0x080001c0   Section        0  uldiv.o(.text)
    .text                                    0x08000222   Section        0  memseta.o(.text)
    .text                                    0x08000246   Section        0  strncpy.o(.text)
    .text                                    0x0800025e   Section        0  dadd.o(.text)
    .text                                    0x080003ac   Section        0  dfixui.o(.text)
    .text                                    0x080003de   Section        0  f2d.o(.text)
    .text                                    0x08000404   Section        0  llshl.o(.text)
    .text                                    0x08000422   Section        0  llushr.o(.text)
    .text                                    0x08000442   Section        0  llsshr.o(.text)
    .text                                    0x08000466   Section        0  depilogue.o(.text)
    .text                                    0x08000466   Section        0  iusefp.o(.text)
    .text                                    0x08000520   Section       48  cdrcmple.o(.text)
    .text                                    0x08000550   Section       36  init.o(.text)
    i.BusFault_Handler                       0x08000574   Section        0  stm32f4xx_it.o(i.BusFault_Handler)
    i.DMA1_Stream5_IRQHandler                0x08000578   Section        0  stm32f4xx_it.o(i.DMA1_Stream5_IRQHandler)
    i.DMA1_Stream6_IRQHandler                0x08000584   Section        0  stm32f4xx_it.o(i.DMA1_Stream6_IRQHandler)
    i.DMA_CalcBaseAndBitshift                0x08000590   Section        0  stm32f4xx_hal_dma.o(i.DMA_CalcBaseAndBitshift)
    DMA_CalcBaseAndBitshift                  0x08000591   Thumb Code    34  stm32f4xx_hal_dma.o(i.DMA_CalcBaseAndBitshift)
    i.DMA_CheckFifoParam                     0x080005b8   Section        0  stm32f4xx_hal_dma.o(i.DMA_CheckFifoParam)
    DMA_CheckFifoParam                       0x080005b9   Thumb Code    84  stm32f4xx_hal_dma.o(i.DMA_CheckFifoParam)
    i.DebugMon_Handler                       0x0800060c   Section        0  stm32f4xx_it.o(i.DebugMon_Handler)
    i.Error_Handler                          0x0800060e   Section        0  main.o(i.Error_Handler)
    i.Flash_PageProgram                      0x08000614   Section        0  flash.o(i.Flash_PageProgram)
    i.Flash_WriteEnable                      0x08000674   Section        0  flash.o(i.Flash_WriteEnable)
    i.HAL_DMA_Abort                          0x080006ac   Section        0  stm32f4xx_hal_dma.o(i.HAL_DMA_Abort)
    i.HAL_DMA_Abort_IT                       0x0800073e   Section        0  stm32f4xx_hal_dma.o(i.HAL_DMA_Abort_IT)
    i.HAL_DMA_IRQHandler                     0x08000764   Section        0  stm32f4xx_hal_dma.o(i.HAL_DMA_IRQHandler)
    i.HAL_DMA_Init                           0x08000904   Section        0  stm32f4xx_hal_dma.o(i.HAL_DMA_Init)
    i.HAL_Delay                              0x080009d8   Section        0  stm32f4xx_hal.o(i.HAL_Delay)
    i.HAL_GPIO_Init                          0x080009fc   Section        0  stm32f4xx_hal_gpio.o(i.HAL_GPIO_Init)
    i.HAL_GPIO_WritePin                      0x08000bec   Section        0  stm32f4xx_hal_gpio.o(i.HAL_GPIO_WritePin)
    i.HAL_GetTick                            0x08000bf8   Section        0  stm32f4xx_hal.o(i.HAL_GetTick)
    i.HAL_I2C_Init                           0x08000c04   Section        0  stm32f4xx_hal_i2c.o(i.HAL_I2C_Init)
    i.HAL_I2C_Master_Receive                 0x08000d8c   Section        0  stm32f4xx_hal_i2c.o(i.HAL_I2C_Master_Receive)
    i.HAL_I2C_Master_Transmit                0x08000f6c   Section        0  stm32f4xx_hal_i2c.o(i.HAL_I2C_Master_Transmit)
    i.HAL_I2C_MspInit                        0x08001098   Section        0  i2c.o(i.HAL_I2C_MspInit)
    i.HAL_IncTick                            0x08001144   Section        0  stm32f4xx_hal.o(i.HAL_IncTick)
    i.HAL_Init                               0x08001154   Section        0  stm32f4xx_hal.o(i.HAL_Init)
    i.HAL_InitTick                           0x08001188   Section        0  stm32f4xx_hal_timebase_tim.o(i.HAL_InitTick)
    i.HAL_MspInit                            0x08001220   Section        0  stm32f4xx_hal_msp.o(i.HAL_MspInit)
    i.HAL_NVIC_EnableIRQ                     0x08001250   Section        0  stm32f4xx_hal_cortex.o(i.HAL_NVIC_EnableIRQ)
    i.HAL_NVIC_SetPriority                   0x0800126c   Section        0  stm32f4xx_hal_cortex.o(i.HAL_NVIC_SetPriority)
    i.HAL_NVIC_SetPriorityGrouping           0x080012ac   Section        0  stm32f4xx_hal_cortex.o(i.HAL_NVIC_SetPriorityGrouping)
    i.HAL_RCC_ClockConfig                    0x080012d0   Section        0  stm32f4xx_hal_rcc.o(i.HAL_RCC_ClockConfig)
    i.HAL_RCC_GetClockConfig                 0x08001404   Section        0  stm32f4xx_hal_rcc.o(i.HAL_RCC_GetClockConfig)
    i.HAL_RCC_GetPCLK1Freq                   0x08001444   Section        0  stm32f4xx_hal_rcc.o(i.HAL_RCC_GetPCLK1Freq)
    i.HAL_RCC_GetPCLK2Freq                   0x08001464   Section        0  stm32f4xx_hal_rcc.o(i.HAL_RCC_GetPCLK2Freq)
    i.HAL_RCC_GetSysClockFreq                0x08001484   Section        0  stm32f4xx_hal_rcc.o(i.HAL_RCC_GetSysClockFreq)
    i.HAL_RCC_OscConfig                      0x080014e4   Section        0  stm32f4xx_hal_rcc.o(i.HAL_RCC_OscConfig)
    i.HAL_SPI_Init                           0x08001850   Section        0  stm32f4xx_hal_spi.o(i.HAL_SPI_Init)
    i.HAL_SPI_MspInit                        0x0800190c   Section        0  spi.o(i.HAL_SPI_MspInit)
    i.HAL_SPI_Transmit                       0x08001974   Section        0  stm32f4xx_hal_spi.o(i.HAL_SPI_Transmit)
    i.HAL_TIMEx_BreakCallback                0x08001ada   Section        0  stm32f4xx_hal_tim_ex.o(i.HAL_TIMEx_BreakCallback)
    i.HAL_TIMEx_CommutCallback               0x08001adc   Section        0  stm32f4xx_hal_tim_ex.o(i.HAL_TIMEx_CommutCallback)
    i.HAL_TIMEx_ConfigBreakDeadTime          0x08001ade   Section        0  stm32f4xx_hal_tim_ex.o(i.HAL_TIMEx_ConfigBreakDeadTime)
    i.HAL_TIMEx_MasterConfigSynchronization  0x08001b34   Section        0  stm32f4xx_hal_tim_ex.o(i.HAL_TIMEx_MasterConfigSynchronization)
    i.HAL_TIM_Base_Init                      0x08001bc4   Section        0  stm32f4xx_hal_tim.o(i.HAL_TIM_Base_Init)
    i.HAL_TIM_Base_MspInit                   0x08001c20   Section        0  tim.o(i.HAL_TIM_Base_MspInit)
    i.HAL_TIM_Base_Start                     0x08001c94   Section        0  stm32f4xx_hal_tim.o(i.HAL_TIM_Base_Start)
    i.HAL_TIM_Base_Start_IT                  0x08001d0c   Section        0  stm32f4xx_hal_tim.o(i.HAL_TIM_Base_Start_IT)
    i.HAL_TIM_ConfigClockSource              0x08001d8c   Section        0  stm32f4xx_hal_tim.o(i.HAL_TIM_ConfigClockSource)
    i.HAL_TIM_IC_CaptureCallback             0x08001e68   Section        0  stm32f4xx_hal_tim.o(i.HAL_TIM_IC_CaptureCallback)
    i.HAL_TIM_IRQHandler                     0x08001e6a   Section        0  stm32f4xx_hal_tim.o(i.HAL_TIM_IRQHandler)
    i.HAL_TIM_MspPostInit                    0x08001fd0   Section        0  tim.o(i.HAL_TIM_MspPostInit)
    i.HAL_TIM_OC_DelayElapsedCallback        0x08002110   Section        0  stm32f4xx_hal_tim.o(i.HAL_TIM_OC_DelayElapsedCallback)
    i.HAL_TIM_PWM_ConfigChannel              0x08002112   Section        0  stm32f4xx_hal_tim.o(i.HAL_TIM_PWM_ConfigChannel)
    i.HAL_TIM_PWM_Init                       0x080021de   Section        0  stm32f4xx_hal_tim.o(i.HAL_TIM_PWM_Init)
    i.HAL_TIM_PWM_MspInit                    0x08002238   Section        0  tim.o(i.HAL_TIM_PWM_MspInit)
    i.HAL_TIM_PWM_PulseFinishedCallback      0x080022cc   Section        0  stm32f4xx_hal_tim.o(i.HAL_TIM_PWM_PulseFinishedCallback)
    i.HAL_TIM_PWM_Start                      0x080022d0   Section        0  stm32f4xx_hal_tim.o(i.HAL_TIM_PWM_Start)
    i.HAL_TIM_PeriodElapsedCallback          0x08002398   Section        0  main.o(i.HAL_TIM_PeriodElapsedCallback)
    i.HAL_TIM_TriggerCallback                0x080023ac   Section        0  stm32f4xx_hal_tim.o(i.HAL_TIM_TriggerCallback)
    i.HAL_UARTEx_RxEventCallback             0x080023ae   Section        0  stm32f4xx_hal_uart.o(i.HAL_UARTEx_RxEventCallback)
    i.HAL_UART_ErrorCallback                 0x080023b0   Section        0  stm32f4xx_hal_uart.o(i.HAL_UART_ErrorCallback)
    i.HAL_UART_IRQHandler                    0x080023b4   Section        0  stm32f4xx_hal_uart.o(i.HAL_UART_IRQHandler)
    i.HAL_UART_Init                          0x0800261c   Section        0  stm32f4xx_hal_uart.o(i.HAL_UART_Init)
    i.HAL_UART_MspInit                       0x08002680   Section        0  usart.o(i.HAL_UART_MspInit)
    i.HAL_UART_Receive_IT                    0x080027b4   Section        0  stm32f4xx_hal_uart.o(i.HAL_UART_Receive_IT)
    i.HAL_UART_RxCpltCallback                0x080027e0   Section        0  usart.o(i.HAL_UART_RxCpltCallback)
    i.HAL_UART_Transmit                      0x08002810   Section        0  stm32f4xx_hal_uart.o(i.HAL_UART_Transmit)
    i.HAL_UART_TxCpltCallback                0x080028c2   Section        0  stm32f4xx_hal_uart.o(i.HAL_UART_TxCpltCallback)
    i.HardFault_Handler                      0x080028c4   Section        0  stm32f4xx_it.o(i.HardFault_Handler)
    i.I2C_IsAcknowledgeFailed                0x080028c6   Section        0  stm32f4xx_hal_i2c.o(i.I2C_IsAcknowledgeFailed)
    I2C_IsAcknowledgeFailed                  0x080028c7   Thumb Code    46  stm32f4xx_hal_i2c.o(i.I2C_IsAcknowledgeFailed)
    i.I2C_MasterRequestRead                  0x080028f4   Section        0  stm32f4xx_hal_i2c.o(i.I2C_MasterRequestRead)
    I2C_MasterRequestRead                    0x080028f5   Thumb Code   230  stm32f4xx_hal_i2c.o(i.I2C_MasterRequestRead)
    i.I2C_MasterRequestWrite                 0x080029e0   Section        0  stm32f4xx_hal_i2c.o(i.I2C_MasterRequestWrite)
    I2C_MasterRequestWrite                   0x080029e1   Thumb Code   150  stm32f4xx_hal_i2c.o(i.I2C_MasterRequestWrite)
    i.I2C_WaitOnBTFFlagUntilTimeout          0x08002a7c   Section        0  stm32f4xx_hal_i2c.o(i.I2C_WaitOnBTFFlagUntilTimeout)
    I2C_WaitOnBTFFlagUntilTimeout            0x08002a7d   Thumb Code    76  stm32f4xx_hal_i2c.o(i.I2C_WaitOnBTFFlagUntilTimeout)
    i.I2C_WaitOnFlagUntilTimeout             0x08002ac8   Section        0  stm32f4xx_hal_i2c.o(i.I2C_WaitOnFlagUntilTimeout)
    I2C_WaitOnFlagUntilTimeout               0x08002ac9   Thumb Code   104  stm32f4xx_hal_i2c.o(i.I2C_WaitOnFlagUntilTimeout)
    i.I2C_WaitOnMasterAddressFlagUntilTimeout 0x08002b30   Section        0  stm32f4xx_hal_i2c.o(i.I2C_WaitOnMasterAddressFlagUntilTimeout)
    I2C_WaitOnMasterAddressFlagUntilTimeout  0x08002b31   Thumb Code   150  stm32f4xx_hal_i2c.o(i.I2C_WaitOnMasterAddressFlagUntilTimeout)
    i.I2C_WaitOnRXNEFlagUntilTimeout         0x08002bc6   Section        0  stm32f4xx_hal_i2c.o(i.I2C_WaitOnRXNEFlagUntilTimeout)
    I2C_WaitOnRXNEFlagUntilTimeout           0x08002bc7   Thumb Code   102  stm32f4xx_hal_i2c.o(i.I2C_WaitOnRXNEFlagUntilTimeout)
    i.I2C_WaitOnTXEFlagUntilTimeout          0x08002c2c   Section        0  stm32f4xx_hal_i2c.o(i.I2C_WaitOnTXEFlagUntilTimeout)
    I2C_WaitOnTXEFlagUntilTimeout            0x08002c2d   Thumb Code    76  stm32f4xx_hal_i2c.o(i.I2C_WaitOnTXEFlagUntilTimeout)
    i.LED_Init                               0x08002c78   Section        0  mcu_bsp.o(i.LED_Init)
    i.MCU_InternalPeripheral_Init            0x08002c98   Section        0  mcu_bsp.o(i.MCU_InternalPeripheral_Init)
    i.MX_DMA_Init                            0x08002cb8   Section        0  dma.o(i.MX_DMA_Init)
    i.MX_GPIO_Init                           0x08002cf4   Section        0  gpio.o(i.MX_GPIO_Init)
    i.MX_I2C1_Init                           0x08002df0   Section        0  i2c.o(i.MX_I2C1_Init)
    i.MX_I2C2_Init                           0x08002e30   Section        0  i2c.o(i.MX_I2C2_Init)
    i.MX_SPI1_Init                           0x08002e70   Section        0  spi.o(i.MX_SPI1_Init)
    i.MX_TIM12_Init                          0x08002eb4   Section        0  tim.o(i.MX_TIM12_Init)
    i.MX_TIM1_Init                           0x08002f1c   Section        0  tim.o(i.MX_TIM1_Init)
    i.MX_TIM3_Init                           0x08003018   Section        0  tim.o(i.MX_TIM3_Init)
    i.MX_TIM4_Init                           0x0800307c   Section        0  tim.o(i.MX_TIM4_Init)
    i.MX_TIM5_Init                           0x080030fc   Section        0  tim.o(i.MX_TIM5_Init)
    i.MX_TIM7_Init                           0x0800319c   Section        0  tim.o(i.MX_TIM7_Init)
    i.MX_TIM8_Init                           0x080031e0   Section        0  tim.o(i.MX_TIM8_Init)
    i.MX_TIM9_Init                           0x080032b4   Section        0  tim.o(i.MX_TIM9_Init)
    i.MX_USART1_UART_Init                    0x08003320   Section        0  usart.o(i.MX_USART1_UART_Init)
    i.MX_USART2_UART_Init                    0x08003358   Section        0  usart.o(i.MX_USART2_UART_Init)
    i.MemManage_Handler                      0x08003390   Section        0  stm32f4xx_it.o(i.MemManage_Handler)
    i.NMI_Handler                            0x08003392   Section        0  stm32f4xx_it.o(i.NMI_Handler)
    i.PCA9685_Init                           0x08003394   Section        0  pca9685.o(i.PCA9685_Init)
    i.PCA9685_PWM_Set                        0x080033dc   Section        0  pca9685.o(i.PCA9685_PWM_Set)
    i.PCA9685_TurnOffAllChannal              0x08003448   Section        0  pca9685.o(i.PCA9685_TurnOffAllChannal)
    i.ParseReceivedData                      0x08003470   Section        0  flash.o(i.ParseReceivedData)
    i.PendSV_Handler                         0x08003548   Section        0  stm32f4xx_it.o(i.PendSV_Handler)
    i.PianoPlayInit                          0x0800354c   Section        0  app_piano.o(i.PianoPlayInit)
    i.SPI_EndRxTxTransaction                 0x0800357c   Section        0  stm32f4xx_hal_spi.o(i.SPI_EndRxTxTransaction)
    SPI_EndRxTxTransaction                   0x0800357d   Thumb Code    80  stm32f4xx_hal_spi.o(i.SPI_EndRxTxTransaction)
    i.SPI_WaitFlagStateUntilTimeout          0x080035d4   Section        0  stm32f4xx_hal_spi.o(i.SPI_WaitFlagStateUntilTimeout)
    SPI_WaitFlagStateUntilTimeout            0x080035d5   Thumb Code   180  stm32f4xx_hal_spi.o(i.SPI_WaitFlagStateUntilTimeout)
    i.SVC_Handler                            0x0800368c   Section        0  stm32f4xx_it.o(i.SVC_Handler)
    i.SysTick_Handler                        0x0800368e   Section        0  stm32f4xx_it.o(i.SysTick_Handler)
    i.SystemClock_Config                     0x08003690   Section        0  main.o(i.SystemClock_Config)
    i.SystemInit                             0x08003724   Section        0  system_stm32f4xx.o(i.SystemInit)
    i.TIM6_DAC_IRQHandler                    0x08003734   Section        0  stm32f4xx_it.o(i.TIM6_DAC_IRQHandler)
    i.TIM7_IRQHandler                        0x08003740   Section        0  stm32f4xx_it.o(i.TIM7_IRQHandler)
    i.TIM_Base_SetConfig                     0x0800374c   Section        0  stm32f4xx_hal_tim.o(i.TIM_Base_SetConfig)
    i.TIM_CCxChannelCmd                      0x08003814   Section        0  stm32f4xx_hal_tim.o(i.TIM_CCxChannelCmd)
    i.TIM_ETR_SetConfig                      0x0800382e   Section        0  stm32f4xx_hal_tim.o(i.TIM_ETR_SetConfig)
    i.TIM_ITRx_SetConfig                     0x08003842   Section        0  stm32f4xx_hal_tim.o(i.TIM_ITRx_SetConfig)
    TIM_ITRx_SetConfig                       0x08003843   Thumb Code    16  stm32f4xx_hal_tim.o(i.TIM_ITRx_SetConfig)
    i.TIM_OC1_SetConfig                      0x08003854   Section        0  stm32f4xx_hal_tim.o(i.TIM_OC1_SetConfig)
    TIM_OC1_SetConfig                        0x08003855   Thumb Code    88  stm32f4xx_hal_tim.o(i.TIM_OC1_SetConfig)
    i.TIM_OC2_SetConfig                      0x080038b4   Section        0  stm32f4xx_hal_tim.o(i.TIM_OC2_SetConfig)
    i.TIM_OC3_SetConfig                      0x08003920   Section        0  stm32f4xx_hal_tim.o(i.TIM_OC3_SetConfig)
    TIM_OC3_SetConfig                        0x08003921   Thumb Code    96  stm32f4xx_hal_tim.o(i.TIM_OC3_SetConfig)
    i.TIM_OC4_SetConfig                      0x08003988   Section        0  stm32f4xx_hal_tim.o(i.TIM_OC4_SetConfig)
    TIM_OC4_SetConfig                        0x08003989   Thumb Code    70  stm32f4xx_hal_tim.o(i.TIM_OC4_SetConfig)
    i.TIM_TI1_ConfigInputStage               0x080039d8   Section        0  stm32f4xx_hal_tim.o(i.TIM_TI1_ConfigInputStage)
    TIM_TI1_ConfigInputStage                 0x080039d9   Thumb Code    34  stm32f4xx_hal_tim.o(i.TIM_TI1_ConfigInputStage)
    i.TIM_TI2_ConfigInputStage               0x080039fa   Section        0  stm32f4xx_hal_tim.o(i.TIM_TI2_ConfigInputStage)
    TIM_TI2_ConfigInputStage                 0x080039fb   Thumb Code    36  stm32f4xx_hal_tim.o(i.TIM_TI2_ConfigInputStage)
    i.UART_DMAAbortOnError                   0x08003a1e   Section        0  stm32f4xx_hal_uart.o(i.UART_DMAAbortOnError)
    UART_DMAAbortOnError                     0x08003a1f   Thumb Code    16  stm32f4xx_hal_uart.o(i.UART_DMAAbortOnError)
    i.UART_EndRxTransfer                     0x08003a2e   Section        0  stm32f4xx_hal_uart.o(i.UART_EndRxTransfer)
    UART_EndRxTransfer                       0x08003a2f   Thumb Code    78  stm32f4xx_hal_uart.o(i.UART_EndRxTransfer)
    i.UART_Receive_IT                        0x08003a7c   Section        0  stm32f4xx_hal_uart.o(i.UART_Receive_IT)
    UART_Receive_IT                          0x08003a7d   Thumb Code   192  stm32f4xx_hal_uart.o(i.UART_Receive_IT)
    i.UART_SetConfig                         0x08003b3c   Section        0  stm32f4xx_hal_uart.o(i.UART_SetConfig)
    UART_SetConfig                           0x08003b3d   Thumb Code   258  stm32f4xx_hal_uart.o(i.UART_SetConfig)
    i.UART_Start_Receive_IT                  0x08003c48   Section        0  stm32f4xx_hal_uart.o(i.UART_Start_Receive_IT)
    i.UART_WaitOnFlagUntilTimeout            0x08003c82   Section        0  stm32f4xx_hal_uart.o(i.UART_WaitOnFlagUntilTimeout)
    UART_WaitOnFlagUntilTimeout              0x08003c83   Thumb Code   120  stm32f4xx_hal_uart.o(i.UART_WaitOnFlagUntilTimeout)
    i.USART1_IRQHandler                      0x08003cfc   Section        0  stm32f4xx_it.o(i.USART1_IRQHandler)
    i.USART2_IRQHandler                      0x08003d08   Section        0  stm32f4xx_it.o(i.USART2_IRQHandler)
    i.UsageFault_Handler                     0x08003d14   Section        0  stm32f4xx_it.o(i.UsageFault_Handler)
    i.__NVIC_SetPriority                     0x08003d16   Section        0  stm32f4xx_hal_cortex.o(i.__NVIC_SetPriority)
    __NVIC_SetPriority                       0x08003d17   Thumb Code    32  stm32f4xx_hal_cortex.o(i.__NVIC_SetPriority)
    i.__hardfp_floor                         0x08003d38   Section        0  floor.o(i.__hardfp_floor)
    i.__scatterload_copy                     0x08003e50   Section       14  handlers.o(i.__scatterload_copy)
    i.__scatterload_null                     0x08003e5e   Section        2  handlers.o(i.__scatterload_null)
    i.__scatterload_zeroinit                 0x08003e60   Section       14  handlers.o(i.__scatterload_zeroinit)
    i.main                                   0x08003e70   Section        0  main.o(i.main)
    i.pca_read_1                             0x08003f68   Section        0  pca9685.o(i.pca_read_1)
    i.pca_read_2                             0x08003f98   Section        0  pca9685.o(i.pca_read_2)
    i.pca_read_3                             0x08003fc8   Section        0  pca9685.o(i.pca_read_3)
    i.pca_read_4                             0x08003ff8   Section        0  pca9685.o(i.pca_read_4)
    i.pca_read_5                             0x08004028   Section        0  pca9685.o(i.pca_read_5)
    i.pca_read_6                             0x08004058   Section        0  pca9685.o(i.pca_read_6)
    i.pca_setfreq                            0x08004088   Section        0  pca9685.o(i.pca_setfreq)
    i.pca_setpwm_1                           0x0800420c   Section        0  pca9685.o(i.pca_setpwm_1)
    i.pca_setpwm_2                           0x08004254   Section        0  pca9685.o(i.pca_setpwm_2)
    i.pca_setpwm_3                           0x0800429c   Section        0  pca9685.o(i.pca_setpwm_3)
    i.pca_setpwm_4                           0x080042e4   Section        0  pca9685.o(i.pca_setpwm_4)
    i.pca_setpwm_5                           0x0800432c   Section        0  pca9685.o(i.pca_setpwm_5)
    i.pca_setpwm_6                           0x08004374   Section        0  pca9685.o(i.pca_setpwm_6)
    i.pca_write_1                            0x080043bc   Section        0  pca9685.o(i.pca_write_1)
    i.pca_write_2                            0x080043e0   Section        0  pca9685.o(i.pca_write_2)
    i.pca_write_3                            0x08004404   Section        0  pca9685.o(i.pca_write_3)
    i.pca_write_4                            0x08004428   Section        0  pca9685.o(i.pca_write_4)
    i.pca_write_5                            0x0800444c   Section        0  pca9685.o(i.pca_write_5)
    i.pca_write_6                            0x08004470   Section        0  pca9685.o(i.pca_write_6)
    .constdata                               0x08004494   Section        8  stm32f4xx_hal_dma.o(.constdata)
    flagBitshiftOffset                       0x08004494   Data           8  stm32f4xx_hal_dma.o(.constdata)
    .constdata                               0x0800449c   Section       16  system_stm32f4xx.o(.constdata)
    .constdata                               0x080044ac   Section        8  system_stm32f4xx.o(.constdata)
    .data                                    0x20000000   Section        1  usart.o(.data)
    .data                                    0x20000004   Section       12  stm32f4xx_hal.o(.data)
    .data                                    0x20000010   Section        4  system_stm32f4xx.o(.data)
    .data                                    0x20000014   Section        4  flash.o(.data)
    .bss                                     0x20000018   Section      168  i2c.o(.bss)
    .bss                                     0x200000c0   Section      576  tim.o(.bss)
    .bss                                     0x20000300   Section      328  usart.o(.bss)
    .bss                                     0x20000448   Section       72  stm32f4xx_hal_timebase_tim.o(.bss)
    .bss                                     0x20000490   Section       88  spi.o(.bss)
    .bss                                     0x200004e8   Section       40  flash.o(.bss)
    .bss                                     0x20000510   Section       10  app_piano.o(.bss)
    STACK                                    0x20000520   Section     4096  startup_stm32f407xx.o(STACK)

    Global Symbols

    Symbol Name                              Value     Ov Type        Size  Object(Section)

    BuildAttributes$$THM_ISAv4$E$P$D$K$B$S$7EM$VFPi3$EXTD16$VFPS$VFMA$PE$A:L22UL41UL21$X:L11$S22US41US21$IEEE1$IW$USESV6$~STKCKD$USESV7$~SHL$OTIME$ROPI$IEEEJ$EBA8$MICROLIB$REQ8$PRES8$EABIv2 0x00000000   Number         0  anon$$obj.o ABSOLUTE
    __ARM_use_no_argv                        0x00000000   Number         0  main.o ABSOLUTE
    _printf_a                                0x00000000   Number         0  stubs.o ABSOLUTE
    _printf_c                                0x00000000   Number         0  stubs.o ABSOLUTE
    _printf_charcount                        0x00000000   Number         0  stubs.o ABSOLUTE
    _printf_d                                0x00000000   Number         0  stubs.o ABSOLUTE
    _printf_e                                0x00000000   Number         0  stubs.o ABSOLUTE
    _printf_f                                0x00000000   Number         0  stubs.o ABSOLUTE
    _printf_flags                            0x00000000   Number         0  stubs.o ABSOLUTE
    _printf_fp_dec                           0x00000000   Number         0  stubs.o ABSOLUTE
    _printf_fp_hex                           0x00000000   Number         0  stubs.o ABSOLUTE
    _printf_g                                0x00000000   Number         0  stubs.o ABSOLUTE
    _printf_i                                0x00000000   Number         0  stubs.o ABSOLUTE
    _printf_int_dec                          0x00000000   Number         0  stubs.o ABSOLUTE
    _printf_l                                0x00000000   Number         0  stubs.o ABSOLUTE
    _printf_lc                               0x00000000   Number         0  stubs.o ABSOLUTE
    _printf_ll                               0x00000000   Number         0  stubs.o ABSOLUTE
    _printf_lld                              0x00000000   Number         0  stubs.o ABSOLUTE
    _printf_lli                              0x00000000   Number         0  stubs.o ABSOLUTE
    _printf_llo                              0x00000000   Number         0  stubs.o ABSOLUTE
    _printf_llu                              0x00000000   Number         0  stubs.o ABSOLUTE
    _printf_llx                              0x00000000   Number         0  stubs.o ABSOLUTE
    _printf_longlong_dec                     0x00000000   Number         0  stubs.o ABSOLUTE
    _printf_longlong_hex                     0x00000000   Number         0  stubs.o ABSOLUTE
    _printf_longlong_oct                     0x00000000   Number         0  stubs.o ABSOLUTE
    _printf_ls                               0x00000000   Number         0  stubs.o ABSOLUTE
    _printf_mbtowc                           0x00000000   Number         0  stubs.o ABSOLUTE
    _printf_n                                0x00000000   Number         0  stubs.o ABSOLUTE
    _printf_o                                0x00000000   Number         0  stubs.o ABSOLUTE
    _printf_p                                0x00000000   Number         0  stubs.o ABSOLUTE
    _printf_percent                          0x00000000   Number         0  stubs.o ABSOLUTE
    _printf_pre_padding                      0x00000000   Number         0  stubs.o ABSOLUTE
    _printf_return_value                     0x00000000   Number         0  stubs.o ABSOLUTE
    _printf_s                                0x00000000   Number         0  stubs.o ABSOLUTE
    _printf_sizespec                         0x00000000   Number         0  stubs.o ABSOLUTE
    _printf_str                              0x00000000   Number         0  stubs.o ABSOLUTE
    _printf_truncate_signed                  0x00000000   Number         0  stubs.o ABSOLUTE
    _printf_truncate_unsigned                0x00000000   Number         0  stubs.o ABSOLUTE
    _printf_u                                0x00000000   Number         0  stubs.o ABSOLUTE
    _printf_wc                               0x00000000   Number         0  stubs.o ABSOLUTE
    _printf_wctomb                           0x00000000   Number         0  stubs.o ABSOLUTE
    _printf_widthprec                        0x00000000   Number         0  stubs.o ABSOLUTE
    _printf_x                                0x00000000   Number         0  stubs.o ABSOLUTE
    __cpp_initialize__aeabi_                  - Undefined Weak Reference
    __cxa_finalize                            - Undefined Weak Reference
    __decompress                              - Undefined Weak Reference
    _clock_init                               - Undefined Weak Reference
    _microlib_exit                            - Undefined Weak Reference
    __Vectors_Size                           0x00000188   Number         0  startup_stm32f407xx.o ABSOLUTE
    __Vectors                                0x08000000   Data           4  startup_stm32f407xx.o(RESET)
    __Vectors_End                            0x08000188   Data           0  startup_stm32f407xx.o(RESET)
    __main                                   0x08000189   Thumb Code     0  entry.o(.ARM.Collect$$$$00000000)
    _main_stk                                0x08000189   Thumb Code     0  entry2.o(.ARM.Collect$$$$00000001)
    _main_scatterload                        0x0800018d   Thumb Code     0  entry5.o(.ARM.Collect$$$$00000004)
    __main_after_scatterload                 0x08000191   Thumb Code     0  entry5.o(.ARM.Collect$$$$00000004)
    _main_clock                              0x08000191   Thumb Code     0  entry7b.o(.ARM.Collect$$$$00000008)
    _main_cpp_init                           0x08000191   Thumb Code     0  entry8b.o(.ARM.Collect$$$$0000000A)
    _main_init                               0x08000191   Thumb Code     0  entry9a.o(.ARM.Collect$$$$0000000B)
    __rt_final_cpp                           0x08000199   Thumb Code     0  entry10a.o(.ARM.Collect$$$$0000000D)
    __rt_final_exit                          0x08000199   Thumb Code     0  entry11a.o(.ARM.Collect$$$$0000000F)
    Reset_Handler                            0x0800019d   Thumb Code     8  startup_stm32f407xx.o(.text)
    ADC_IRQHandler                           0x080001b7   Thumb Code     0  startup_stm32f407xx.o(.text)
    CAN1_RX0_IRQHandler                      0x080001b7   Thumb Code     0  startup_stm32f407xx.o(.text)
    CAN1_RX1_IRQHandler                      0x080001b7   Thumb Code     0  startup_stm32f407xx.o(.text)
    CAN1_SCE_IRQHandler                      0x080001b7   Thumb Code     0  startup_stm32f407xx.o(.text)
    CAN1_TX_IRQHandler                       0x080001b7   Thumb Code     0  startup_stm32f407xx.o(.text)
    CAN2_RX0_IRQHandler                      0x080001b7   Thumb Code     0  startup_stm32f407xx.o(.text)
    CAN2_RX1_IRQHandler                      0x080001b7   Thumb Code     0  startup_stm32f407xx.o(.text)
    CAN2_SCE_IRQHandler                      0x080001b7   Thumb Code     0  startup_stm32f407xx.o(.text)
    CAN2_TX_IRQHandler                       0x080001b7   Thumb Code     0  startup_stm32f407xx.o(.text)
    DCMI_IRQHandler                          0x080001b7   Thumb Code     0  startup_stm32f407xx.o(.text)
    DMA1_Stream0_IRQHandler                  0x080001b7   Thumb Code     0  startup_stm32f407xx.o(.text)
    DMA1_Stream1_IRQHandler                  0x080001b7   Thumb Code     0  startup_stm32f407xx.o(.text)
    DMA1_Stream2_IRQHandler                  0x080001b7   Thumb Code     0  startup_stm32f407xx.o(.text)
    DMA1_Stream3_IRQHandler                  0x080001b7   Thumb Code     0  startup_stm32f407xx.o(.text)
    DMA1_Stream4_IRQHandler                  0x080001b7   Thumb Code     0  startup_stm32f407xx.o(.text)
    DMA1_Stream7_IRQHandler                  0x080001b7   Thumb Code     0  startup_stm32f407xx.o(.text)
    DMA2_Stream0_IRQHandler                  0x080001b7   Thumb Code     0  startup_stm32f407xx.o(.text)
    DMA2_Stream1_IRQHandler                  0x080001b7   Thumb Code     0  startup_stm32f407xx.o(.text)
    DMA2_Stream2_IRQHandler                  0x080001b7   Thumb Code     0  startup_stm32f407xx.o(.text)
    DMA2_Stream3_IRQHandler                  0x080001b7   Thumb Code     0  startup_stm32f407xx.o(.text)
    DMA2_Stream4_IRQHandler                  0x080001b7   Thumb Code     0  startup_stm32f407xx.o(.text)
    DMA2_Stream5_IRQHandler                  0x080001b7   Thumb Code     0  startup_stm32f407xx.o(.text)
    DMA2_Stream6_IRQHandler                  0x080001b7   Thumb Code     0  startup_stm32f407xx.o(.text)
    DMA2_Stream7_IRQHandler                  0x080001b7   Thumb Code     0  startup_stm32f407xx.o(.text)
    ETH_IRQHandler                           0x080001b7   Thumb Code     0  startup_stm32f407xx.o(.text)
    ETH_WKUP_IRQHandler                      0x080001b7   Thumb Code     0  startup_stm32f407xx.o(.text)
    EXTI0_IRQHandler                         0x080001b7   Thumb Code     0  startup_stm32f407xx.o(.text)
    EXTI15_10_IRQHandler                     0x080001b7   Thumb Code     0  startup_stm32f407xx.o(.text)
    EXTI1_IRQHandler                         0x080001b7   Thumb Code     0  startup_stm32f407xx.o(.text)
    EXTI2_IRQHandler                         0x080001b7   Thumb Code     0  startup_stm32f407xx.o(.text)
    EXTI3_IRQHandler                         0x080001b7   Thumb Code     0  startup_stm32f407xx.o(.text)
    EXTI4_IRQHandler                         0x080001b7   Thumb Code     0  startup_stm32f407xx.o(.text)
    EXTI9_5_IRQHandler                       0x080001b7   Thumb Code     0  startup_stm32f407xx.o(.text)
    FLASH_IRQHandler                         0x080001b7   Thumb Code     0  startup_stm32f407xx.o(.text)
    FMC_IRQHandler                           0x080001b7   Thumb Code     0  startup_stm32f407xx.o(.text)
    FPU_IRQHandler                           0x080001b7   Thumb Code     0  startup_stm32f407xx.o(.text)
    HASH_RNG_IRQHandler                      0x080001b7   Thumb Code     0  startup_stm32f407xx.o(.text)
    I2C1_ER_IRQHandler                       0x080001b7   Thumb Code     0  startup_stm32f407xx.o(.text)
    I2C1_EV_IRQHandler                       0x080001b7   Thumb Code     0  startup_stm32f407xx.o(.text)
    I2C2_ER_IRQHandler                       0x080001b7   Thumb Code     0  startup_stm32f407xx.o(.text)
    I2C2_EV_IRQHandler                       0x080001b7   Thumb Code     0  startup_stm32f407xx.o(.text)
    I2C3_ER_IRQHandler                       0x080001b7   Thumb Code     0  startup_stm32f407xx.o(.text)
    I2C3_EV_IRQHandler                       0x080001b7   Thumb Code     0  startup_stm32f407xx.o(.text)
    OTG_FS_IRQHandler                        0x080001b7   Thumb Code     0  startup_stm32f407xx.o(.text)
    OTG_FS_WKUP_IRQHandler                   0x080001b7   Thumb Code     0  startup_stm32f407xx.o(.text)
    OTG_HS_EP1_IN_IRQHandler                 0x080001b7   Thumb Code     0  startup_stm32f407xx.o(.text)
    OTG_HS_EP1_OUT_IRQHandler                0x080001b7   Thumb Code     0  startup_stm32f407xx.o(.text)
    OTG_HS_IRQHandler                        0x080001b7   Thumb Code     0  startup_stm32f407xx.o(.text)
    OTG_HS_WKUP_IRQHandler                   0x080001b7   Thumb Code     0  startup_stm32f407xx.o(.text)
    PVD_IRQHandler                           0x080001b7   Thumb Code     0  startup_stm32f407xx.o(.text)
    RCC_IRQHandler                           0x080001b7   Thumb Code     0  startup_stm32f407xx.o(.text)
    RTC_Alarm_IRQHandler                     0x080001b7   Thumb Code     0  startup_stm32f407xx.o(.text)
    RTC_WKUP_IRQHandler                      0x080001b7   Thumb Code     0  startup_stm32f407xx.o(.text)
    SDIO_IRQHandler                          0x080001b7   Thumb Code     0  startup_stm32f407xx.o(.text)
    SPI1_IRQHandler                          0x080001b7   Thumb Code     0  startup_stm32f407xx.o(.text)
    SPI2_IRQHandler                          0x080001b7   Thumb Code     0  startup_stm32f407xx.o(.text)
    SPI3_IRQHandler                          0x080001b7   Thumb Code     0  startup_stm32f407xx.o(.text)
    TAMP_STAMP_IRQHandler                    0x080001b7   Thumb Code     0  startup_stm32f407xx.o(.text)
    TIM1_BRK_TIM9_IRQHandler                 0x080001b7   Thumb Code     0  startup_stm32f407xx.o(.text)
    TIM1_CC_IRQHandler                       0x080001b7   Thumb Code     0  startup_stm32f407xx.o(.text)
    TIM1_TRG_COM_TIM11_IRQHandler            0x080001b7   Thumb Code     0  startup_stm32f407xx.o(.text)
    TIM1_UP_TIM10_IRQHandler                 0x080001b7   Thumb Code     0  startup_stm32f407xx.o(.text)
    TIM2_IRQHandler                          0x080001b7   Thumb Code     0  startup_stm32f407xx.o(.text)
    TIM3_IRQHandler                          0x080001b7   Thumb Code     0  startup_stm32f407xx.o(.text)
    TIM4_IRQHandler                          0x080001b7   Thumb Code     0  startup_stm32f407xx.o(.text)
    TIM5_IRQHandler                          0x080001b7   Thumb Code     0  startup_stm32f407xx.o(.text)
    TIM8_BRK_TIM12_IRQHandler                0x080001b7   Thumb Code     0  startup_stm32f407xx.o(.text)
    TIM8_CC_IRQHandler                       0x080001b7   Thumb Code     0  startup_stm32f407xx.o(.text)
    TIM8_TRG_COM_TIM14_IRQHandler            0x080001b7   Thumb Code     0  startup_stm32f407xx.o(.text)
    TIM8_UP_TIM13_IRQHandler                 0x080001b7   Thumb Code     0  startup_stm32f407xx.o(.text)
    UART4_IRQHandler                         0x080001b7   Thumb Code     0  startup_stm32f407xx.o(.text)
    UART5_IRQHandler                         0x080001b7   Thumb Code     0  startup_stm32f407xx.o(.text)
    USART3_IRQHandler                        0x080001b7   Thumb Code     0  startup_stm32f407xx.o(.text)
    USART6_IRQHandler                        0x080001b7   Thumb Code     0  startup_stm32f407xx.o(.text)
    WWDG_IRQHandler                          0x080001b7   Thumb Code     0  startup_stm32f407xx.o(.text)
    __aeabi_uldivmod                         0x080001c1   Thumb Code    98  uldiv.o(.text)
    __aeabi_memset                           0x08000223   Thumb Code    14  memseta.o(.text)
    __aeabi_memset4                          0x08000223   Thumb Code     0  memseta.o(.text)
    __aeabi_memset8                          0x08000223   Thumb Code     0  memseta.o(.text)
    __aeabi_memclr                           0x08000231   Thumb Code     4  memseta.o(.text)
    __aeabi_memclr4                          0x08000231   Thumb Code     0  memseta.o(.text)
    __aeabi_memclr8                          0x08000231   Thumb Code     0  memseta.o(.text)
    _memset$wrapper                          0x08000235   Thumb Code    18  memseta.o(.text)
    strncpy                                  0x08000247   Thumb Code    24  strncpy.o(.text)
    __aeabi_dadd                             0x0800025f   Thumb Code   322  dadd.o(.text)
    __aeabi_dsub                             0x080003a1   Thumb Code     6  dadd.o(.text)
    __aeabi_drsub                            0x080003a7   Thumb Code     6  dadd.o(.text)
    __aeabi_d2uiz                            0x080003ad   Thumb Code    50  dfixui.o(.text)
    __aeabi_f2d                              0x080003df   Thumb Code    38  f2d.o(.text)
    __aeabi_llsl                             0x08000405   Thumb Code    30  llshl.o(.text)
    _ll_shift_l                              0x08000405   Thumb Code     0  llshl.o(.text)
    __aeabi_llsr                             0x08000423   Thumb Code    32  llushr.o(.text)
    _ll_ushift_r                             0x08000423   Thumb Code     0  llushr.o(.text)
    __aeabi_lasr                             0x08000443   Thumb Code    36  llsshr.o(.text)
    _ll_sshift_r                             0x08000443   Thumb Code     0  llsshr.o(.text)
    __I$use$fp                               0x08000467   Thumb Code     0  iusefp.o(.text)
    _double_round                            0x08000467   Thumb Code    30  depilogue.o(.text)
    _double_epilogue                         0x08000485   Thumb Code   156  depilogue.o(.text)
    __aeabi_cdrcmple                         0x08000521   Thumb Code    48  cdrcmple.o(.text)
    __scatterload                            0x08000551   Thumb Code    28  init.o(.text)
    __scatterload_rt2                        0x08000551   Thumb Code     0  init.o(.text)
    BusFault_Handler                         0x08000575   Thumb Code     2  stm32f4xx_it.o(i.BusFault_Handler)
    DMA1_Stream5_IRQHandler                  0x08000579   Thumb Code     6  stm32f4xx_it.o(i.DMA1_Stream5_IRQHandler)
    DMA1_Stream6_IRQHandler                  0x08000585   Thumb Code     6  stm32f4xx_it.o(i.DMA1_Stream6_IRQHandler)
    DebugMon_Handler                         0x0800060d   Thumb Code     2  stm32f4xx_it.o(i.DebugMon_Handler)
    Error_Handler                            0x0800060f   Thumb Code     4  main.o(i.Error_Handler)
    Flash_PageProgram                        0x08000615   Thumb Code    86  flash.o(i.Flash_PageProgram)
    Flash_WriteEnable                        0x08000675   Thumb Code    46  flash.o(i.Flash_WriteEnable)
    HAL_DMA_Abort                            0x080006ad   Thumb Code   146  stm32f4xx_hal_dma.o(i.HAL_DMA_Abort)
    HAL_DMA_Abort_IT                         0x0800073f   Thumb Code    36  stm32f4xx_hal_dma.o(i.HAL_DMA_Abort_IT)
    HAL_DMA_IRQHandler                       0x08000765   Thumb Code   412  stm32f4xx_hal_dma.o(i.HAL_DMA_IRQHandler)
    HAL_DMA_Init                             0x08000905   Thumb Code   206  stm32f4xx_hal_dma.o(i.HAL_DMA_Init)
    HAL_Delay                                0x080009d9   Thumb Code    32  stm32f4xx_hal.o(i.HAL_Delay)
    HAL_GPIO_Init                            0x080009fd   Thumb Code   450  stm32f4xx_hal_gpio.o(i.HAL_GPIO_Init)
    HAL_GPIO_WritePin                        0x08000bed   Thumb Code    10  stm32f4xx_hal_gpio.o(i.HAL_GPIO_WritePin)
    HAL_GetTick                              0x08000bf9   Thumb Code     6  stm32f4xx_hal.o(i.HAL_GetTick)
    HAL_I2C_Init                             0x08000c05   Thumb Code   376  stm32f4xx_hal_i2c.o(i.HAL_I2C_Init)
    HAL_I2C_Master_Receive                   0x08000d8d   Thumb Code   468  stm32f4xx_hal_i2c.o(i.HAL_I2C_Master_Receive)
    HAL_I2C_Master_Transmit                  0x08000f6d   Thumb Code   290  stm32f4xx_hal_i2c.o(i.HAL_I2C_Master_Transmit)
    HAL_I2C_MspInit                          0x08001099   Thumb Code   154  i2c.o(i.HAL_I2C_MspInit)
    HAL_IncTick                              0x08001145   Thumb Code    12  stm32f4xx_hal.o(i.HAL_IncTick)
    HAL_Init                                 0x08001155   Thumb Code    48  stm32f4xx_hal.o(i.HAL_Init)
    HAL_InitTick                             0x08001189   Thumb Code   132  stm32f4xx_hal_timebase_tim.o(i.HAL_InitTick)
    HAL_MspInit                              0x08001221   Thumb Code    42  stm32f4xx_hal_msp.o(i.HAL_MspInit)
    HAL_NVIC_EnableIRQ                       0x08001251   Thumb Code    26  stm32f4xx_hal_cortex.o(i.HAL_NVIC_EnableIRQ)
    HAL_NVIC_SetPriority                     0x0800126d   Thumb Code    60  stm32f4xx_hal_cortex.o(i.HAL_NVIC_SetPriority)
    HAL_NVIC_SetPriorityGrouping             0x080012ad   Thumb Code    26  stm32f4xx_hal_cortex.o(i.HAL_NVIC_SetPriorityGrouping)
    HAL_RCC_ClockConfig                      0x080012d1   Thumb Code   288  stm32f4xx_hal_rcc.o(i.HAL_RCC_ClockConfig)
    HAL_RCC_GetClockConfig                   0x08001405   Thumb Code    54  stm32f4xx_hal_rcc.o(i.HAL_RCC_GetClockConfig)
    HAL_RCC_GetPCLK1Freq                     0x08001445   Thumb Code    20  stm32f4xx_hal_rcc.o(i.HAL_RCC_GetPCLK1Freq)
    HAL_RCC_GetPCLK2Freq                     0x08001465   Thumb Code    20  stm32f4xx_hal_rcc.o(i.HAL_RCC_GetPCLK2Freq)
    HAL_RCC_GetSysClockFreq                  0x08001485   Thumb Code    88  stm32f4xx_hal_rcc.o(i.HAL_RCC_GetSysClockFreq)
    HAL_RCC_OscConfig                        0x080014e5   Thumb Code   856  stm32f4xx_hal_rcc.o(i.HAL_RCC_OscConfig)
    HAL_SPI_Init                             0x08001851   Thumb Code   188  stm32f4xx_hal_spi.o(i.HAL_SPI_Init)
    HAL_SPI_MspInit                          0x0800190d   Thumb Code    92  spi.o(i.HAL_SPI_MspInit)
    HAL_SPI_Transmit                         0x08001975   Thumb Code   358  stm32f4xx_hal_spi.o(i.HAL_SPI_Transmit)
    HAL_TIMEx_BreakCallback                  0x08001adb   Thumb Code     2  stm32f4xx_hal_tim_ex.o(i.HAL_TIMEx_BreakCallback)
    HAL_TIMEx_CommutCallback                 0x08001add   Thumb Code     2  stm32f4xx_hal_tim_ex.o(i.HAL_TIMEx_CommutCallback)
    HAL_TIMEx_ConfigBreakDeadTime            0x08001adf   Thumb Code    84  stm32f4xx_hal_tim_ex.o(i.HAL_TIMEx_ConfigBreakDeadTime)
    HAL_TIMEx_MasterConfigSynchronization    0x08001b35   Thumb Code   116  stm32f4xx_hal_tim_ex.o(i.HAL_TIMEx_MasterConfigSynchronization)
    HAL_TIM_Base_Init                        0x08001bc5   Thumb Code    90  stm32f4xx_hal_tim.o(i.HAL_TIM_Base_Init)
    HAL_TIM_Base_MspInit                     0x08001c21   Thumb Code    98  tim.o(i.HAL_TIM_Base_MspInit)
    HAL_TIM_Base_Start                       0x08001c95   Thumb Code    90  stm32f4xx_hal_tim.o(i.HAL_TIM_Base_Start)
    HAL_TIM_Base_Start_IT                    0x08001d0d   Thumb Code   100  stm32f4xx_hal_tim.o(i.HAL_TIM_Base_Start_IT)
    HAL_TIM_ConfigClockSource                0x08001d8d   Thumb Code   220  stm32f4xx_hal_tim.o(i.HAL_TIM_ConfigClockSource)
    HAL_TIM_IC_CaptureCallback               0x08001e69   Thumb Code     2  stm32f4xx_hal_tim.o(i.HAL_TIM_IC_CaptureCallback)
    HAL_TIM_IRQHandler                       0x08001e6b   Thumb Code   358  stm32f4xx_hal_tim.o(i.HAL_TIM_IRQHandler)
    HAL_TIM_MspPostInit                      0x08001fd1   Thumb Code   272  tim.o(i.HAL_TIM_MspPostInit)
    HAL_TIM_OC_DelayElapsedCallback          0x08002111   Thumb Code     2  stm32f4xx_hal_tim.o(i.HAL_TIM_OC_DelayElapsedCallback)
    HAL_TIM_PWM_ConfigChannel                0x08002113   Thumb Code   204  stm32f4xx_hal_tim.o(i.HAL_TIM_PWM_ConfigChannel)
    HAL_TIM_PWM_Init                         0x080021df   Thumb Code    90  stm32f4xx_hal_tim.o(i.HAL_TIM_PWM_Init)
    HAL_TIM_PWM_MspInit                      0x08002239   Thumb Code   122  tim.o(i.HAL_TIM_PWM_MspInit)
    HAL_TIM_PWM_PulseFinishedCallback        0x080022cd   Thumb Code     2  stm32f4xx_hal_tim.o(i.HAL_TIM_PWM_PulseFinishedCallback)
    HAL_TIM_PWM_Start                        0x080022d1   Thumb Code   172  stm32f4xx_hal_tim.o(i.HAL_TIM_PWM_Start)
    HAL_TIM_PeriodElapsedCallback            0x08002399   Thumb Code    14  main.o(i.HAL_TIM_PeriodElapsedCallback)
    HAL_TIM_TriggerCallback                  0x080023ad   Thumb Code     2  stm32f4xx_hal_tim.o(i.HAL_TIM_TriggerCallback)
    HAL_UARTEx_RxEventCallback               0x080023af   Thumb Code     2  stm32f4xx_hal_uart.o(i.HAL_UARTEx_RxEventCallback)
    HAL_UART_ErrorCallback                   0x080023b1   Thumb Code     2  stm32f4xx_hal_uart.o(i.HAL_UART_ErrorCallback)
    HAL_UART_IRQHandler                      0x080023b5   Thumb Code   610  stm32f4xx_hal_uart.o(i.HAL_UART_IRQHandler)
    HAL_UART_Init                            0x0800261d   Thumb Code    98  stm32f4xx_hal_uart.o(i.HAL_UART_Init)
    HAL_UART_MspInit                         0x08002681   Thumb Code   280  usart.o(i.HAL_UART_MspInit)
    HAL_UART_Receive_IT                      0x080027b5   Thumb Code    42  stm32f4xx_hal_uart.o(i.HAL_UART_Receive_IT)
    HAL_UART_RxCpltCallback                  0x080027e1   Thumb Code    36  usart.o(i.HAL_UART_RxCpltCallback)
    HAL_UART_Transmit                        0x08002811   Thumb Code   178  stm32f4xx_hal_uart.o(i.HAL_UART_Transmit)
    HAL_UART_TxCpltCallback                  0x080028c3   Thumb Code     2  stm32f4xx_hal_uart.o(i.HAL_UART_TxCpltCallback)
    HardFault_Handler                        0x080028c5   Thumb Code     2  stm32f4xx_it.o(i.HardFault_Handler)
    LED_Init                                 0x08002c79   Thumb Code    28  mcu_bsp.o(i.LED_Init)
    MCU_InternalPeripheral_Init              0x08002c99   Thumb Code    26  mcu_bsp.o(i.MCU_InternalPeripheral_Init)
    MX_DMA_Init                              0x08002cb9   Thumb Code    56  dma.o(i.MX_DMA_Init)
    MX_GPIO_Init                             0x08002cf5   Thumb Code   232  gpio.o(i.MX_GPIO_Init)
    MX_I2C1_Init                             0x08002df1   Thumb Code    50  i2c.o(i.MX_I2C1_Init)
    MX_I2C2_Init                             0x08002e31   Thumb Code    50  i2c.o(i.MX_I2C2_Init)
    MX_SPI1_Init                             0x08002e71   Thumb Code    60  spi.o(i.MX_SPI1_Init)
    MX_TIM12_Init                            0x08002eb5   Thumb Code    96  tim.o(i.MX_TIM12_Init)
    MX_TIM1_Init                             0x08002f1d   Thumb Code   244  tim.o(i.MX_TIM1_Init)
    MX_TIM3_Init                             0x08003019   Thumb Code    92  tim.o(i.MX_TIM3_Init)
    MX_TIM4_Init                             0x0800307d   Thumb Code   118  tim.o(i.MX_TIM4_Init)
    MX_TIM5_Init                             0x080030fd   Thumb Code   150  tim.o(i.MX_TIM5_Init)
    MX_TIM7_Init                             0x0800319d   Thumb Code    58  tim.o(i.MX_TIM7_Init)
    MX_TIM8_Init                             0x080031e1   Thumb Code   202  tim.o(i.MX_TIM8_Init)
    MX_TIM9_Init                             0x080032b5   Thumb Code    98  tim.o(i.MX_TIM9_Init)
    MX_USART1_UART_Init                      0x08003321   Thumb Code    48  usart.o(i.MX_USART1_UART_Init)
    MX_USART2_UART_Init                      0x08003359   Thumb Code    48  usart.o(i.MX_USART2_UART_Init)
    MemManage_Handler                        0x08003391   Thumb Code     2  stm32f4xx_it.o(i.MemManage_Handler)
    NMI_Handler                              0x08003393   Thumb Code     2  stm32f4xx_it.o(i.NMI_Handler)
    PCA9685_Init                             0x08003395   Thumb Code    66  pca9685.o(i.PCA9685_Init)
    PCA9685_PWM_Set                          0x080033dd   Thumb Code   104  pca9685.o(i.PCA9685_PWM_Set)
    PCA9685_TurnOffAllChannal                0x08003449   Thumb Code    36  pca9685.o(i.PCA9685_TurnOffAllChannal)
    ParseReceivedData                        0x08003471   Thumb Code   194  flash.o(i.ParseReceivedData)
    PendSV_Handler                           0x08003549   Thumb Code     2  stm32f4xx_it.o(i.PendSV_Handler)
    PianoPlayInit                            0x0800354d   Thumb Code    42  app_piano.o(i.PianoPlayInit)
    SVC_Handler                              0x0800368d   Thumb Code     2  stm32f4xx_it.o(i.SVC_Handler)
    SysTick_Handler                          0x0800368f   Thumb Code     2  stm32f4xx_it.o(i.SysTick_Handler)
    SystemClock_Config                       0x08003691   Thumb Code   138  main.o(i.SystemClock_Config)
    SystemInit                               0x08003725   Thumb Code    12  system_stm32f4xx.o(i.SystemInit)
    TIM6_DAC_IRQHandler                      0x08003735   Thumb Code     6  stm32f4xx_it.o(i.TIM6_DAC_IRQHandler)
    TIM7_IRQHandler                          0x08003741   Thumb Code     6  stm32f4xx_it.o(i.TIM7_IRQHandler)
    TIM_Base_SetConfig                       0x0800374d   Thumb Code   156  stm32f4xx_hal_tim.o(i.TIM_Base_SetConfig)
    TIM_CCxChannelCmd                        0x08003815   Thumb Code    26  stm32f4xx_hal_tim.o(i.TIM_CCxChannelCmd)
    TIM_ETR_SetConfig                        0x0800382f   Thumb Code    20  stm32f4xx_hal_tim.o(i.TIM_ETR_SetConfig)
    TIM_OC2_SetConfig                        0x080038b5   Thumb Code    98  stm32f4xx_hal_tim.o(i.TIM_OC2_SetConfig)
    UART_Start_Receive_IT                    0x08003c49   Thumb Code    58  stm32f4xx_hal_uart.o(i.UART_Start_Receive_IT)
    USART1_IRQHandler                        0x08003cfd   Thumb Code     6  stm32f4xx_it.o(i.USART1_IRQHandler)
    USART2_IRQHandler                        0x08003d09   Thumb Code     6  stm32f4xx_it.o(i.USART2_IRQHandler)
    UsageFault_Handler                       0x08003d15   Thumb Code     2  stm32f4xx_it.o(i.UsageFault_Handler)
    __hardfp_floor                           0x08003d39   Thumb Code   252  floor.o(i.__hardfp_floor)
    __scatterload_copy                       0x08003e51   Thumb Code    14  handlers.o(i.__scatterload_copy)
    __scatterload_null                       0x08003e5f   Thumb Code     2  handlers.o(i.__scatterload_null)
    __scatterload_zeroinit                   0x08003e61   Thumb Code    14  handlers.o(i.__scatterload_zeroinit)
    main                                     0x08003e71   Thumb Code   208  main.o(i.main)
    pca_read_1                               0x08003f69   Thumb Code    44  pca9685.o(i.pca_read_1)
    pca_read_2                               0x08003f99   Thumb Code    44  pca9685.o(i.pca_read_2)
    pca_read_3                               0x08003fc9   Thumb Code    44  pca9685.o(i.pca_read_3)
    pca_read_4                               0x08003ff9   Thumb Code    44  pca9685.o(i.pca_read_4)
    pca_read_5                               0x08004029   Thumb Code    44  pca9685.o(i.pca_read_5)
    pca_read_6                               0x08004059   Thumb Code    44  pca9685.o(i.pca_read_6)
    pca_setfreq                              0x08004089   Thumb Code   380  pca9685.o(i.pca_setfreq)
    pca_setpwm_1                             0x0800420d   Thumb Code    72  pca9685.o(i.pca_setpwm_1)
    pca_setpwm_2                             0x08004255   Thumb Code    72  pca9685.o(i.pca_setpwm_2)
    pca_setpwm_3                             0x0800429d   Thumb Code    72  pca9685.o(i.pca_setpwm_3)
    pca_setpwm_4                             0x080042e5   Thumb Code    72  pca9685.o(i.pca_setpwm_4)
    pca_setpwm_5                             0x0800432d   Thumb Code    72  pca9685.o(i.pca_setpwm_5)
    pca_setpwm_6                             0x08004375   Thumb Code    72  pca9685.o(i.pca_setpwm_6)
    pca_write_1                              0x080043bd   Thumb Code    30  pca9685.o(i.pca_write_1)
    pca_write_2                              0x080043e1   Thumb Code    30  pca9685.o(i.pca_write_2)
    pca_write_3                              0x08004405   Thumb Code    30  pca9685.o(i.pca_write_3)
    pca_write_4                              0x08004429   Thumb Code    30  pca9685.o(i.pca_write_4)
    pca_write_5                              0x0800444d   Thumb Code    30  pca9685.o(i.pca_write_5)
    pca_write_6                              0x08004471   Thumb Code    30  pca9685.o(i.pca_write_6)
    AHBPrescTable                            0x0800449c   Data          16  system_stm32f4xx.o(.constdata)
    APBPrescTable                            0x080044ac   Data           8  system_stm32f4xx.o(.constdata)
    Region$$Table$$Base                      0x080044b4   Number         0  anon$$obj.o(Region$$Table)
    Region$$Table$$Limit                     0x080044d4   Number         0  anon$$obj.o(Region$$Table)
    flag_data                                0x20000000   Data           1  usart.o(.data)
    uwTickFreq                               0x20000004   Data           1  stm32f4xx_hal.o(.data)
    uwTickPrio                               0x20000008   Data           4  stm32f4xx_hal.o(.data)
    uwTick                                   0x2000000c   Data           4  stm32f4xx_hal.o(.data)
    SystemCoreClock                          0x20000010   Data           4  system_stm32f4xx.o(.data)
    flash_write_address                      0x20000014   Data           4  flash.o(.data)
    hi2c1                                    0x20000018   Data          84  i2c.o(.bss)
    hi2c2                                    0x2000006c   Data          84  i2c.o(.bss)
    htim1                                    0x200000c0   Data          72  tim.o(.bss)
    htim3                                    0x20000108   Data          72  tim.o(.bss)
    htim4                                    0x20000150   Data          72  tim.o(.bss)
    htim5                                    0x20000198   Data          72  tim.o(.bss)
    htim7                                    0x200001e0   Data          72  tim.o(.bss)
    htim8                                    0x20000228   Data          72  tim.o(.bss)
    htim9                                    0x20000270   Data          72  tim.o(.bss)
    htim12                                   0x200002b8   Data          72  tim.o(.bss)
    huart1                                   0x20000300   Data          68  usart.o(.bss)
    huart2                                   0x20000344   Data          68  usart.o(.bss)
    hdma_usart2_rx                           0x20000388   Data          96  usart.o(.bss)
    hdma_usart2_tx                           0x200003e8   Data          96  usart.o(.bss)
    htim6                                    0x20000448   Data          72  stm32f4xx_hal_timebase_tim.o(.bss)
    hspi1                                    0x20000490   Data          88  spi.o(.bss)
    midiHeader                               0x200004e8   Data          40  flash.o(.bss)
    midi_buf                                 0x20000510   Data          10  app_piano.o(.bss)
    __initial_sp                             0x20001520   Data           0  startup_stm32f407xx.o(STACK)



==============================================================================

Memory Map of the image

  Image Entry point : 0x08000189

  Load Region LR_IROM1 (Base: 0x08000000, Size: 0x000044ec, Max: 0x00080000, ABSOLUTE)

    Execution Region ER_IROM1 (Exec base: 0x08000000, Load base: 0x08000000, Size: 0x000044d4, Max: 0x00080000, ABSOLUTE)

    Exec Addr    Load Addr    Size         Type   Attr      Idx    E Section Name        Object

    0x08000000   0x08000000   0x00000188   Data   RO            3    RESET               startup_stm32f407xx.o
    0x08000188   0x08000188   0x00000000   Code   RO         4587  * .ARM.Collect$$$$00000000  mc_w.l(entry.o)
    0x08000188   0x08000188   0x00000004   Code   RO         4877    .ARM.Collect$$$$00000001  mc_w.l(entry2.o)
    0x0800018c   0x0800018c   0x00000004   Code   RO         4880    .ARM.Collect$$$$00000004  mc_w.l(entry5.o)
    0x08000190   0x08000190   0x00000000   Code   RO         4882    .ARM.Collect$$$$00000008  mc_w.l(entry7b.o)
    0x08000190   0x08000190   0x00000000   Code   RO         4884    .ARM.Collect$$$$0000000A  mc_w.l(entry8b.o)
    0x08000190   0x08000190   0x00000008   Code   RO         4885    .ARM.Collect$$$$0000000B  mc_w.l(entry9a.o)
    0x08000198   0x08000198   0x00000000   Code   RO         4887    .ARM.Collect$$$$0000000D  mc_w.l(entry10a.o)
    0x08000198   0x08000198   0x00000000   Code   RO         4889    .ARM.Collect$$$$0000000F  mc_w.l(entry11a.o)
    0x08000198   0x08000198   0x00000004   Code   RO         4878    .ARM.Collect$$$$00002712  mc_w.l(entry2.o)
    0x0800019c   0x0800019c   0x00000024   Code   RO            4    .text               startup_stm32f407xx.o
    0x080001c0   0x080001c0   0x00000062   Code   RO         4590    .text               mc_w.l(uldiv.o)
    0x08000222   0x08000222   0x00000024   Code   RO         4592    .text               mc_w.l(memseta.o)
    0x08000246   0x08000246   0x00000018   Code   RO         4594    .text               mc_w.l(strncpy.o)
    0x0800025e   0x0800025e   0x0000014e   Code   RO         4859    .text               mf_w.l(dadd.o)
    0x080003ac   0x080003ac   0x00000032   Code   RO         4871    .text               mf_w.l(dfixui.o)
    0x080003de   0x080003de   0x00000026   Code   RO         4873    .text               mf_w.l(f2d.o)
    0x08000404   0x08000404   0x0000001e   Code   RO         4894    .text               mc_w.l(llshl.o)
    0x08000422   0x08000422   0x00000020   Code   RO         4896    .text               mc_w.l(llushr.o)
    0x08000442   0x08000442   0x00000024   Code   RO         4898    .text               mc_w.l(llsshr.o)
    0x08000466   0x08000466   0x00000000   Code   RO         4900    .text               mc_w.l(iusefp.o)
    0x08000466   0x08000466   0x000000ba   Code   RO         4903    .text               mf_w.l(depilogue.o)
    0x08000520   0x08000520   0x00000030   Code   RO         4907    .text               mf_w.l(cdrcmple.o)
    0x08000550   0x08000550   0x00000024   Code   RO         4909    .text               mc_w.l(init.o)
    0x08000574   0x08000574   0x00000002   Code   RO          492    i.BusFault_Handler  stm32f4xx_it.o
    0x08000576   0x08000576   0x00000002   PAD
    0x08000578   0x08000578   0x0000000c   Code   RO          493    i.DMA1_Stream5_IRQHandler  stm32f4xx_it.o
    0x08000584   0x08000584   0x0000000c   Code   RO          494    i.DMA1_Stream6_IRQHandler  stm32f4xx_it.o
    0x08000590   0x08000590   0x00000028   Code   RO         1622    i.DMA_CalcBaseAndBitshift  stm32f4xx_hal_dma.o
    0x080005b8   0x080005b8   0x00000054   Code   RO         1623    i.DMA_CheckFifoParam  stm32f4xx_hal_dma.o
    0x0800060c   0x0800060c   0x00000002   Code   RO          495    i.DebugMon_Handler  stm32f4xx_it.o
    0x0800060e   0x0800060e   0x00000004   Code   RO           13    i.Error_Handler     main.o
    0x08000612   0x08000612   0x00000002   PAD
    0x08000614   0x08000614   0x00000060   Code   RO         4326    i.Flash_PageProgram  flash.o
    0x08000674   0x08000674   0x00000038   Code   RO         4332    i.Flash_WriteEnable  flash.o
    0x080006ac   0x080006ac   0x00000092   Code   RO         1625    i.HAL_DMA_Abort     stm32f4xx_hal_dma.o
    0x0800073e   0x0800073e   0x00000024   Code   RO         1626    i.HAL_DMA_Abort_IT  stm32f4xx_hal_dma.o
    0x08000762   0x08000762   0x00000002   PAD
    0x08000764   0x08000764   0x000001a0   Code   RO         1630    i.HAL_DMA_IRQHandler  stm32f4xx_hal_dma.o
    0x08000904   0x08000904   0x000000d4   Code   RO         1631    i.HAL_DMA_Init      stm32f4xx_hal_dma.o
    0x080009d8   0x080009d8   0x00000024   Code   RO         2044    i.HAL_Delay         stm32f4xx_hal.o
    0x080009fc   0x080009fc   0x000001f0   Code   RO         1518    i.HAL_GPIO_Init     stm32f4xx_hal_gpio.o
    0x08000bec   0x08000bec   0x0000000a   Code   RO         1522    i.HAL_GPIO_WritePin  stm32f4xx_hal_gpio.o
    0x08000bf6   0x08000bf6   0x00000002   PAD
    0x08000bf8   0x08000bf8   0x0000000c   Code   RO         2050    i.HAL_GetTick       stm32f4xx_hal.o
    0x08000c04   0x08000c04   0x00000188   Code   RO          724    i.HAL_I2C_Init      stm32f4xx_hal_i2c.o
    0x08000d8c   0x08000d8c   0x000001e0   Code   RO          730    i.HAL_I2C_Master_Receive  stm32f4xx_hal_i2c.o
    0x08000f6c   0x08000f6c   0x0000012c   Code   RO          737    i.HAL_I2C_Master_Transmit  stm32f4xx_hal_i2c.o
    0x08001098   0x08001098   0x000000ac   Code   RO          274    i.HAL_I2C_MspInit   i2c.o
    0x08001144   0x08001144   0x00000010   Code   RO         2056    i.HAL_IncTick       stm32f4xx_hal.o
    0x08001154   0x08001154   0x00000034   Code   RO         2057    i.HAL_Init          stm32f4xx_hal.o
    0x08001188   0x08001188   0x00000098   Code   RO          632    i.HAL_InitTick      stm32f4xx_hal_timebase_tim.o
    0x08001220   0x08001220   0x00000030   Code   RO          608    i.HAL_MspInit       stm32f4xx_hal_msp.o
    0x08001250   0x08001250   0x0000001a   Code   RO         1907    i.HAL_NVIC_EnableIRQ  stm32f4xx_hal_cortex.o
    0x0800126a   0x0800126a   0x00000002   PAD
    0x0800126c   0x0800126c   0x00000040   Code   RO         1913    i.HAL_NVIC_SetPriority  stm32f4xx_hal_cortex.o
    0x080012ac   0x080012ac   0x00000024   Code   RO         1914    i.HAL_NVIC_SetPriorityGrouping  stm32f4xx_hal_cortex.o
    0x080012d0   0x080012d0   0x00000134   Code   RO         1164    i.HAL_RCC_ClockConfig  stm32f4xx_hal_rcc.o
    0x08001404   0x08001404   0x00000040   Code   RO         1168    i.HAL_RCC_GetClockConfig  stm32f4xx_hal_rcc.o
    0x08001444   0x08001444   0x00000020   Code   RO         1171    i.HAL_RCC_GetPCLK1Freq  stm32f4xx_hal_rcc.o
    0x08001464   0x08001464   0x00000020   Code   RO         1172    i.HAL_RCC_GetPCLK2Freq  stm32f4xx_hal_rcc.o
    0x08001484   0x08001484   0x00000060   Code   RO         1173    i.HAL_RCC_GetSysClockFreq  stm32f4xx_hal_rcc.o
    0x080014e4   0x080014e4   0x0000036c   Code   RO         1176    i.HAL_RCC_OscConfig  stm32f4xx_hal_rcc.o
    0x08001850   0x08001850   0x000000bc   Code   RO         3636    i.HAL_SPI_Init      stm32f4xx_hal_spi.o
    0x0800190c   0x0800190c   0x00000068   Code   RO          672    i.HAL_SPI_MspInit   spi.o
    0x08001974   0x08001974   0x00000166   Code   RO         3644    i.HAL_SPI_Transmit  stm32f4xx_hal_spi.o
    0x08001ada   0x08001ada   0x00000002   Code   RO         3001    i.HAL_TIMEx_BreakCallback  stm32f4xx_hal_tim_ex.o
    0x08001adc   0x08001adc   0x00000002   Code   RO         3002    i.HAL_TIMEx_CommutCallback  stm32f4xx_hal_tim_ex.o
    0x08001ade   0x08001ade   0x00000054   Code   RO         3004    i.HAL_TIMEx_ConfigBreakDeadTime  stm32f4xx_hal_tim_ex.o
    0x08001b32   0x08001b32   0x00000002   PAD
    0x08001b34   0x08001b34   0x00000090   Code   RO         3020    i.HAL_TIMEx_MasterConfigSynchronization  stm32f4xx_hal_tim_ex.o
    0x08001bc4   0x08001bc4   0x0000005a   Code   RO         2297    i.HAL_TIM_Base_Init  stm32f4xx_hal_tim.o
    0x08001c1e   0x08001c1e   0x00000002   PAD
    0x08001c20   0x08001c20   0x00000074   Code   RO          322    i.HAL_TIM_Base_MspInit  tim.o
    0x08001c94   0x08001c94   0x00000078   Code   RO         2300    i.HAL_TIM_Base_Start  stm32f4xx_hal_tim.o
    0x08001d0c   0x08001d0c   0x00000080   Code   RO         2302    i.HAL_TIM_Base_Start_IT  stm32f4xx_hal_tim.o
    0x08001d8c   0x08001d8c   0x000000dc   Code   RO         2306    i.HAL_TIM_ConfigClockSource  stm32f4xx_hal_tim.o
    0x08001e68   0x08001e68   0x00000002   Code   RO         2331    i.HAL_TIM_IC_CaptureCallback  stm32f4xx_hal_tim.o
    0x08001e6a   0x08001e6a   0x00000166   Code   RO         2345    i.HAL_TIM_IRQHandler  stm32f4xx_hal_tim.o
    0x08001fd0   0x08001fd0   0x00000140   Code   RO          323    i.HAL_TIM_MspPostInit  tim.o
    0x08002110   0x08002110   0x00000002   Code   RO         2348    i.HAL_TIM_OC_DelayElapsedCallback  stm32f4xx_hal_tim.o
    0x08002112   0x08002112   0x000000cc   Code   RO         2369    i.HAL_TIM_PWM_ConfigChannel  stm32f4xx_hal_tim.o
    0x080021de   0x080021de   0x0000005a   Code   RO         2372    i.HAL_TIM_PWM_Init  stm32f4xx_hal_tim.o
    0x08002238   0x08002238   0x00000094   Code   RO          325    i.HAL_TIM_PWM_MspInit  tim.o
    0x080022cc   0x080022cc   0x00000002   Code   RO         2375    i.HAL_TIM_PWM_PulseFinishedCallback  stm32f4xx_hal_tim.o
    0x080022ce   0x080022ce   0x00000002   PAD
    0x080022d0   0x080022d0   0x000000c8   Code   RO         2377    i.HAL_TIM_PWM_Start  stm32f4xx_hal_tim.o
    0x08002398   0x08002398   0x00000014   Code   RO           14    i.HAL_TIM_PeriodElapsedCallback  main.o
    0x080023ac   0x080023ac   0x00000002   Code   RO         2388    i.HAL_TIM_TriggerCallback  stm32f4xx_hal_tim.o
    0x080023ae   0x080023ae   0x00000002   Code   RO         3279    i.HAL_UARTEx_RxEventCallback  stm32f4xx_hal_uart.o
    0x080023b0   0x080023b0   0x00000002   Code   RO         3293    i.HAL_UART_ErrorCallback  stm32f4xx_hal_uart.o
    0x080023b2   0x080023b2   0x00000002   PAD
    0x080023b4   0x080023b4   0x00000268   Code   RO         3296    i.HAL_UART_IRQHandler  stm32f4xx_hal_uart.o
    0x0800261c   0x0800261c   0x00000062   Code   RO         3297    i.HAL_UART_Init     stm32f4xx_hal_uart.o
    0x0800267e   0x0800267e   0x00000002   PAD
    0x08002680   0x08002680   0x00000134   Code   RO          424    i.HAL_UART_MspInit  usart.o
    0x080027b4   0x080027b4   0x0000002a   Code   RO         3302    i.HAL_UART_Receive_IT  stm32f4xx_hal_uart.o
    0x080027de   0x080027de   0x00000002   PAD
    0x080027e0   0x080027e0   0x00000030   Code   RO          425    i.HAL_UART_RxCpltCallback  usart.o
    0x08002810   0x08002810   0x000000b2   Code   RO         3305    i.HAL_UART_Transmit  stm32f4xx_hal_uart.o
    0x080028c2   0x080028c2   0x00000002   Code   RO         3308    i.HAL_UART_TxCpltCallback  stm32f4xx_hal_uart.o
    0x080028c4   0x080028c4   0x00000002   Code   RO          496    i.HardFault_Handler  stm32f4xx_it.o
    0x080028c6   0x080028c6   0x0000002e   Code   RO          766    i.I2C_IsAcknowledgeFailed  stm32f4xx_hal_i2c.o
    0x080028f4   0x080028f4   0x000000ec   Code   RO          769    i.I2C_MasterRequestRead  stm32f4xx_hal_i2c.o
    0x080029e0   0x080029e0   0x0000009c   Code   RO          770    i.I2C_MasterRequestWrite  stm32f4xx_hal_i2c.o
    0x08002a7c   0x08002a7c   0x0000004c   Code   RO          781    i.I2C_WaitOnBTFFlagUntilTimeout  stm32f4xx_hal_i2c.o
    0x08002ac8   0x08002ac8   0x00000068   Code   RO          782    i.I2C_WaitOnFlagUntilTimeout  stm32f4xx_hal_i2c.o
    0x08002b30   0x08002b30   0x00000096   Code   RO          783    i.I2C_WaitOnMasterAddressFlagUntilTimeout  stm32f4xx_hal_i2c.o
    0x08002bc6   0x08002bc6   0x00000066   Code   RO          784    i.I2C_WaitOnRXNEFlagUntilTimeout  stm32f4xx_hal_i2c.o
    0x08002c2c   0x08002c2c   0x0000004c   Code   RO          785    i.I2C_WaitOnTXEFlagUntilTimeout  stm32f4xx_hal_i2c.o
    0x08002c78   0x08002c78   0x00000020   Code   RO         3986    i.LED_Init          mcu_bsp.o
    0x08002c98   0x08002c98   0x00000020   Code   RO         3988    i.MCU_InternalPeripheral_Init  mcu_bsp.o
    0x08002cb8   0x08002cb8   0x0000003c   Code   RO          249    i.MX_DMA_Init       dma.o
    0x08002cf4   0x08002cf4   0x000000fc   Code   RO          225    i.MX_GPIO_Init      gpio.o
    0x08002df0   0x08002df0   0x00000040   Code   RO          275    i.MX_I2C1_Init      i2c.o
    0x08002e30   0x08002e30   0x00000040   Code   RO          276    i.MX_I2C2_Init      i2c.o
    0x08002e70   0x08002e70   0x00000044   Code   RO          673    i.MX_SPI1_Init      spi.o
    0x08002eb4   0x08002eb4   0x00000068   Code   RO          326    i.MX_TIM12_Init     tim.o
    0x08002f1c   0x08002f1c   0x000000fc   Code   RO          327    i.MX_TIM1_Init      tim.o
    0x08003018   0x08003018   0x00000064   Code   RO          328    i.MX_TIM3_Init      tim.o
    0x0800307c   0x0800307c   0x00000080   Code   RO          329    i.MX_TIM4_Init      tim.o
    0x080030fc   0x080030fc   0x000000a0   Code   RO          330    i.MX_TIM5_Init      tim.o
    0x0800319c   0x0800319c   0x00000044   Code   RO          331    i.MX_TIM7_Init      tim.o
    0x080031e0   0x080031e0   0x000000d4   Code   RO          332    i.MX_TIM8_Init      tim.o
    0x080032b4   0x080032b4   0x0000006c   Code   RO          333    i.MX_TIM9_Init      tim.o
    0x08003320   0x08003320   0x00000038   Code   RO          426    i.MX_USART1_UART_Init  usart.o
    0x08003358   0x08003358   0x00000038   Code   RO          427    i.MX_USART2_UART_Init  usart.o
    0x08003390   0x08003390   0x00000002   Code   RO          497    i.MemManage_Handler  stm32f4xx_it.o
    0x08003392   0x08003392   0x00000002   Code   RO          498    i.NMI_Handler       stm32f4xx_it.o
    0x08003394   0x08003394   0x00000048   Code   RO         4051    i.PCA9685_Init      pca9685.o
    0x080033dc   0x080033dc   0x0000006c   Code   RO         4052    i.PCA9685_PWM_Set   pca9685.o
    0x08003448   0x08003448   0x00000028   Code   RO         4053    i.PCA9685_TurnOffAllChannal  pca9685.o
    0x08003470   0x08003470   0x000000d8   Code   RO         4334    i.ParseReceivedData  flash.o
    0x08003548   0x08003548   0x00000002   Code   RO          499    i.PendSV_Handler    stm32f4xx_it.o
    0x0800354a   0x0800354a   0x00000002   PAD
    0x0800354c   0x0800354c   0x00000030   Code   RO         4519    i.PianoPlayInit     app_piano.o
    0x0800357c   0x0800357c   0x00000058   Code   RO         3674    i.SPI_EndRxTxTransaction  stm32f4xx_hal_spi.o
    0x080035d4   0x080035d4   0x000000b8   Code   RO         3679    i.SPI_WaitFlagStateUntilTimeout  stm32f4xx_hal_spi.o
    0x0800368c   0x0800368c   0x00000002   Code   RO          500    i.SVC_Handler       stm32f4xx_it.o
    0x0800368e   0x0800368e   0x00000002   Code   RO          501    i.SysTick_Handler   stm32f4xx_it.o
    0x08003690   0x08003690   0x00000094   Code   RO           16    i.SystemClock_Config  main.o
    0x08003724   0x08003724   0x00000010   Code   RO         3948    i.SystemInit        system_stm32f4xx.o
    0x08003734   0x08003734   0x0000000c   Code   RO          502    i.TIM6_DAC_IRQHandler  stm32f4xx_it.o
    0x08003740   0x08003740   0x0000000c   Code   RO          503    i.TIM7_IRQHandler   stm32f4xx_it.o
    0x0800374c   0x0800374c   0x000000c8   Code   RO         2390    i.TIM_Base_SetConfig  stm32f4xx_hal_tim.o
    0x08003814   0x08003814   0x0000001a   Code   RO         2391    i.TIM_CCxChannelCmd  stm32f4xx_hal_tim.o
    0x0800382e   0x0800382e   0x00000014   Code   RO         2401    i.TIM_ETR_SetConfig  stm32f4xx_hal_tim.o
    0x08003842   0x08003842   0x00000010   Code   RO         2402    i.TIM_ITRx_SetConfig  stm32f4xx_hal_tim.o
    0x08003852   0x08003852   0x00000002   PAD
    0x08003854   0x08003854   0x00000060   Code   RO         2403    i.TIM_OC1_SetConfig  stm32f4xx_hal_tim.o
    0x080038b4   0x080038b4   0x0000006c   Code   RO         2404    i.TIM_OC2_SetConfig  stm32f4xx_hal_tim.o
    0x08003920   0x08003920   0x00000068   Code   RO         2405    i.TIM_OC3_SetConfig  stm32f4xx_hal_tim.o
    0x08003988   0x08003988   0x00000050   Code   RO         2406    i.TIM_OC4_SetConfig  stm32f4xx_hal_tim.o
    0x080039d8   0x080039d8   0x00000022   Code   RO         2408    i.TIM_TI1_ConfigInputStage  stm32f4xx_hal_tim.o
    0x080039fa   0x080039fa   0x00000024   Code   RO         2410    i.TIM_TI2_ConfigInputStage  stm32f4xx_hal_tim.o
    0x08003a1e   0x08003a1e   0x00000010   Code   RO         3310    i.UART_DMAAbortOnError  stm32f4xx_hal_uart.o
    0x08003a2e   0x08003a2e   0x0000004e   Code   RO         3320    i.UART_EndRxTransfer  stm32f4xx_hal_uart.o
    0x08003a7c   0x08003a7c   0x000000c0   Code   RO         3322    i.UART_Receive_IT   stm32f4xx_hal_uart.o
    0x08003b3c   0x08003b3c   0x0000010c   Code   RO         3323    i.UART_SetConfig    stm32f4xx_hal_uart.o
    0x08003c48   0x08003c48   0x0000003a   Code   RO         3325    i.UART_Start_Receive_IT  stm32f4xx_hal_uart.o
    0x08003c82   0x08003c82   0x00000078   Code   RO         3326    i.UART_WaitOnFlagUntilTimeout  stm32f4xx_hal_uart.o
    0x08003cfa   0x08003cfa   0x00000002   PAD
    0x08003cfc   0x08003cfc   0x0000000c   Code   RO          504    i.USART1_IRQHandler  stm32f4xx_it.o
    0x08003d08   0x08003d08   0x0000000c   Code   RO          505    i.USART2_IRQHandler  stm32f4xx_it.o
    0x08003d14   0x08003d14   0x00000002   Code   RO          506    i.UsageFault_Handler  stm32f4xx_it.o
    0x08003d16   0x08003d16   0x00000020   Code   RO         1920    i.__NVIC_SetPriority  stm32f4xx_hal_cortex.o
    0x08003d36   0x08003d36   0x00000002   PAD
    0x08003d38   0x08003d38   0x00000118   Code   RO         4581    i.__hardfp_floor    m_wm.l(floor.o)
    0x08003e50   0x08003e50   0x0000000e   Code   RO         4913    i.__scatterload_copy  mc_w.l(handlers.o)
    0x08003e5e   0x08003e5e   0x00000002   Code   RO         4914    i.__scatterload_null  mc_w.l(handlers.o)
    0x08003e60   0x08003e60   0x0000000e   Code   RO         4915    i.__scatterload_zeroinit  mc_w.l(handlers.o)
    0x08003e6e   0x08003e6e   0x00000002   PAD
    0x08003e70   0x08003e70   0x000000f8   Code   RO           17    i.main              main.o
    0x08003f68   0x08003f68   0x00000030   Code   RO         4056    i.pca_read_1        pca9685.o
    0x08003f98   0x08003f98   0x00000030   Code   RO         4057    i.pca_read_2        pca9685.o
    0x08003fc8   0x08003fc8   0x00000030   Code   RO         4058    i.pca_read_3        pca9685.o
    0x08003ff8   0x08003ff8   0x00000030   Code   RO         4059    i.pca_read_4        pca9685.o
    0x08004028   0x08004028   0x00000030   Code   RO         4060    i.pca_read_5        pca9685.o
    0x08004058   0x08004058   0x00000030   Code   RO         4061    i.pca_read_6        pca9685.o
    0x08004088   0x08004088   0x00000184   Code   RO         4062    i.pca_setfreq       pca9685.o
    0x0800420c   0x0800420c   0x00000048   Code   RO         4063    i.pca_setpwm_1      pca9685.o
    0x08004254   0x08004254   0x00000048   Code   RO         4064    i.pca_setpwm_2      pca9685.o
    0x0800429c   0x0800429c   0x00000048   Code   RO         4065    i.pca_setpwm_3      pca9685.o
    0x080042e4   0x080042e4   0x00000048   Code   RO         4066    i.pca_setpwm_4      pca9685.o
    0x0800432c   0x0800432c   0x00000048   Code   RO         4067    i.pca_setpwm_5      pca9685.o
    0x08004374   0x08004374   0x00000048   Code   RO         4068    i.pca_setpwm_6      pca9685.o
    0x080043bc   0x080043bc   0x00000024   Code   RO         4069    i.pca_write_1       pca9685.o
    0x080043e0   0x080043e0   0x00000024   Code   RO         4070    i.pca_write_2       pca9685.o
    0x08004404   0x08004404   0x00000024   Code   RO         4071    i.pca_write_3       pca9685.o
    0x08004428   0x08004428   0x00000024   Code   RO         4072    i.pca_write_4       pca9685.o
    0x0800444c   0x0800444c   0x00000024   Code   RO         4073    i.pca_write_5       pca9685.o
    0x08004470   0x08004470   0x00000024   Code   RO         4074    i.pca_write_6       pca9685.o
    0x08004494   0x08004494   0x00000008   Data   RO         1637    .constdata          stm32f4xx_hal_dma.o
    0x0800449c   0x0800449c   0x00000010   Data   RO         3949    .constdata          system_stm32f4xx.o
    0x080044ac   0x080044ac   0x00000008   Data   RO         3950    .constdata          system_stm32f4xx.o
    0x080044b4   0x080044b4   0x00000020   Data   RO         4911    Region$$Table       anon$$obj.o


    Execution Region RW_IRAM1 (Exec base: 0x20000000, Load base: 0x080044d4, Size: 0x00001520, Max: 0x0001c000, ABSOLUTE)

    Exec Addr    Load Addr    Size         Type   Attr      Idx    E Section Name        Object

    0x20000000   0x080044d4   0x00000001   Data   RW          432    .data               usart.o
    0x20000001   0x080044d5   0x00000003   PAD
    0x20000004   0x080044d8   0x0000000c   Data   RW         2064    .data               stm32f4xx_hal.o
    0x20000010   0x080044e4   0x00000004   Data   RW         3951    .data               system_stm32f4xx.o
    0x20000014   0x080044e8   0x00000004   Data   RW         4339    .data               flash.o
    0x20000018        -       0x000000a8   Zero   RW          277    .bss                i2c.o
    0x200000c0        -       0x00000240   Zero   RW          334    .bss                tim.o
    0x20000300        -       0x00000148   Zero   RW          430    .bss                usart.o
    0x20000448        -       0x00000048   Zero   RW          635    .bss                stm32f4xx_hal_timebase_tim.o
    0x20000490        -       0x00000058   Zero   RW          674    .bss                spi.o
    0x200004e8        -       0x00000028   Zero   RW         4338    .bss                flash.o
    0x20000510        -       0x0000000a   Zero   RW         4522    .bss                app_piano.o
    0x2000051a   0x080044ec   0x00000006   PAD
    0x20000520        -       0x00001000   Zero   RW            1    STACK               startup_stm32f407xx.o


    Execution Region RW_IRAM2 (Exec base: 0x2001c000, Load base: 0x080044ec, Size: 0x00000000, Max: 0x00004000, ABSOLUTE)

    **** No section assigned to this execution region ****


==============================================================================

Image component sizes


      Code (inc. data)   RO Data    RW Data    ZI Data      Debug   Object Name

        48          6          0          0         10       1814   app_piano.o
        60          4          0          0          0        782   dma.o
       368         42          0          4         40       3050   flash.o
       252         20          0          0          0       1063   gpio.o
       300         46          0          0        168       2362   i2c.o
       420         56          0          0          0     709033   main.o
        64         10          0          0          0       1017   mcu_bsp.o
      1544         88          0          0          0      14403   pca9685.o
       172         20          0          0         88       1685   spi.o
        36          8        392          0       4096        836   startup_stm32f407xx.o
       116         18          0         12          0       8710   stm32f4xx_hal.o
       158         14          0          0          0      33146   stm32f4xx_hal_cortex.o
       934         16          8          0          0       5611   stm32f4xx_hal_dma.o
       506         46          0          0          0       2192   stm32f4xx_hal_gpio.o
      2118         50          0          0          0      12562   stm32f4xx_hal_i2c.o
        48          6          0          0          0        858   stm32f4xx_hal_msp.o
      1408         82          0          0          0       5889   stm32f4xx_hal_rcc.o
       818         12          0          0          0       4602   stm32f4xx_hal_spi.o
      2138        166          0          0          0      17037   stm32f4xx_hal_tim.o
       232         28          0          0          0       3269   stm32f4xx_hal_tim_ex.o
       152         20          0          0         72       1475   stm32f4xx_hal_timebase_tim.o
      1672         16          0          0          0      11388   stm32f4xx_hal_uart.o
        90         36          0          0          0       6978   stm32f4xx_it.o
        16          4         24          4          0       1127   system_stm32f4xx.o
      1716        166          0          0        576       8243   tim.o
       468         56          0          1        328       3217   usart.o

    ----------------------------------------------------------------------
     15884       1036        456         24       5384     862349   Object Totals
         0          0         32          0          0          0   (incl. Generated)
        30          0          0          3          6          0   (incl. Padding)

    ----------------------------------------------------------------------

      Code (inc. data)   RO Data    RW Data    ZI Data      Debug   Library Member Name

       280         28          0          0          0        156   floor.o
         0          0          0          0          0          0   entry.o
         0          0          0          0          0          0   entry10a.o
         0          0          0          0          0          0   entry11a.o
         8          4          0          0          0          0   entry2.o
         4          0          0          0          0          0   entry5.o
         0          0          0          0          0          0   entry7b.o
         0          0          0          0          0          0   entry8b.o
         8          4          0          0          0          0   entry9a.o
        30          0          0          0          0          0   handlers.o
        36          8          0          0          0         68   init.o
         0          0          0          0          0          0   iusefp.o
        30          0          0          0          0         68   llshl.o
        36          0          0          0          0         68   llsshr.o
        32          0          0          0          0         68   llushr.o
        36          0          0          0          0        108   memseta.o
        24          0          0          0          0         76   strncpy.o
        98          0          0          0          0         92   uldiv.o
        48          0          0          0          0         68   cdrcmple.o
       334          0          0          0          0        148   dadd.o
       186          0          0          0          0        176   depilogue.o
        50          0          0          0          0         76   dfixui.o
        38          0          0          0          0         68   f2d.o

    ----------------------------------------------------------------------
      1280         44          0          0          0       1240   Library Totals
         2          0          0          0          0          0   (incl. Padding)

    ----------------------------------------------------------------------

      Code (inc. data)   RO Data    RW Data    ZI Data      Debug   Library Name

       280         28          0          0          0        156   m_wm.l
       342         16          0          0          0        548   mc_w.l
       656          0          0          0          0        536   mf_w.l

    ----------------------------------------------------------------------
      1280         44          0          0          0       1240   Library Totals

    ----------------------------------------------------------------------

==============================================================================


      Code (inc. data)   RO Data    RW Data    ZI Data      Debug   

     17164       1080        456         24       5384     849125   Grand Totals
     17164       1080        456         24       5384     849125   ELF Image Totals
     17164       1080        456         24          0          0   ROM Totals

==============================================================================

    Total RO  Size (Code + RO Data)                17620 (  17.21kB)
    Total RW  Size (RW Data + ZI Data)              5408 (   5.28kB)
    Total ROM Size (Code + RO Data + RW Data)      17644 (  17.23kB)

==============================================================================

